******************************************************************************
                  TMS470 Linker PC v4.9.5                      
******************************************************************************
>> Linked Thu Aug 01 01:21:06 2013

OUTPUT FILE NAME:   <Snake.out>
ENTRY POINT SYMBOL: "_c_int00"  address: 00006c79


MEMORY CONFIGURATION

         name            origin    length      used     unused   attr    fill
----------------------  --------  ---------  --------  --------  ----  --------
  FLASH                 00000000   00040000  00009fcf  00036031  R  X
  SRAM                  20000000   00010000  00003ff8  0000c008  RW X


SEGMENT ALLOCATION MAP

run origin  load origin   length   init length attrs members
----------  ----------- ---------- ----------- ----- -------
00000000    00000000    00009fd8   00009fd8    r-x
  00000000    00000000    00000140   00000140    r-- .resetVecs
  00000140    00000140    00007ede   00007ede    r-x .text
  00008020    00008020    00001bb1   00001bb1    r-- .const
  00009bd8    00009bd8    00000400   00000400    r-- .cinit
20000000    20000000    000037dc   00000000    rw-
  20000000    20000000    00000140   00000000    rw- .vecs
  20000140    20000140    00002000   00000000    rw- .stack
  20002140    20002140    0000169c   00000000    rw- .bss
200037e0    200037e0    0000081c   0000081c    rw-
  200037e0    200037e0    0000081c   0000081c    rw- .data


SECTION ALLOCATION MAP

 output                                  attributes/
section   page    origin      length       input sections
--------  ----  ----------  ----------   ----------------
.init_array 
*          0    20000000    00000000     UNINITIALIZED

.bootVecs 
*          0    00000000    00000008     DSECT
                  00000000    00000008     boot.aem3 : boot.oem3 (.bootVecs)

.resetVecs 
*          0    00000000    00000140     
                  00000000    00000140     app_pem3.oem3 (.resetVecs)

xdc.meta   0    00000000    000000d4     COPY SECTION
                  00000000    000000d4     app_pem3.oem3 (xdc.meta)

.cinit     0    00000000    00000000     UNINITIALIZED

.text      0    00000140    00007ede     
                  00000140    00000ea2     rtsv7M3_T_le_eabi.lib : _printfi.obj (.text)
                  00000fe2    00000002     sysbios.lib : BIOS.obj (.text:nullFunc$0)
                  00000fe4    000003d8                 : BIOS.obj (.text:ti_sysbios_family_arm_m3_Hwi_excDumpRegs__I)
                  000013bc    0000036c     rtsv7M3_T_le_eabi.lib : lowlev.obj (.text)
                  00001728    00000310     ti.targets.arm.rtsarm.aem3 : System.oem3 (.text:xdc_runtime_System_doPrint__I)
                  00001a38    000002ec     rtsv7M3_T_le_eabi.lib : trgdrv.obj (.text)
                  00001d24    00000250     sysbios.lib : BIOS.obj (.text:ti_sysbios_heaps_HeapMem_free__E)
                  00001f74    00000238                 : BIOS.obj (.text:ti_sysbios_heaps_HeapMem_alloc__E)
                  000021ac    0000022c                 : BIOS.obj (.text:ti_sysbios_knl_Task_Instance_finalize__F)
                  000023d8    000001f4     rtsv7M3_T_le_eabi.lib : ull_div_t2.obj (.text)
                  000025cc    000001dc     sysbios.lib : BIOS.obj (.text:ti_sysbios_knl_Task_Instance_init__F)
                  000027a8    000001d8     driverlib-cm3.lib : sysctl.obj (.text:SysCtlClockGet)
                  00002980    000001d4     rtsv7M3_T_le_eabi.lib : fopen.obj (.text)
                  00002b54    000001cc     sysbios.lib : BIOS.obj (.text:ti_sysbios_knl_Semaphore_pend__E)
                  00002d20    000001b6     rtsv7M3_T_le_eabi.lib : fd_add_t2.obj (.text)
                  00002ed6    00000002     sysbios.lib : BIOS.obj (.text:ti_sysbios_family_arm_lm3_Timer_setNextTick__E)
                  00002ed8    00000194                 : BIOS.obj (.text:ti_sysbios_family_arm_m3_Hwi_excHandlerMax__I)
                  0000306c    00000150     ti.targets.arm.rtsarm.aem3 : Core-mem.oem3 (.text:xdc_runtime_Core_createObject__I)
                  000031bc    0000013c                                : Error.oem3 (.text:xdc_runtime_Error_raiseX__F)
                  000032f8    00000136     rtsv7M3_T_le_eabi.lib : fd_div_t2.obj (.text)
                  0000342e    00000002     sysbios.lib : BIOS.obj (.text:ti_sysbios_gates_GateHwi_Instance_init__F)
                  00003430    0000012c     ti.targets.arm.rtsarm.aem3 : LoggerBuf.oem3 (.text:xdc_runtime_LoggerBuf_write8__F)
                  0000355c    00000128     sysbios.lib : BIOS.obj (.text:ti_sysbios_family_arm_m3_Hwi_dispatchC__I)
                  00003684    00000128                 : BIOS.obj (.text:ti_sysbios_knl_Clock_Instance_init__F)
                  000037ac    00000128                 : BIOS.obj (.text:ti_sysbios_knl_Clock_workFunc__E)
                  000038d4    00000128                 : BIOS.obj (.text:ti_sysbios_knl_Task_exit__E)
                  000039fc    00000120     Boot.aem3 : Boot.oem3 (.text:.bootCodeSection)
                  00003b1c    00000120     sysbios.lib : BIOS.obj (.text:ti_sysbios_family_arm_m3_Hwi_Module_startup__F)
                  00003c3c    00000120     watchdog.obj (.text)
                  00003d5c    00000114     sysbios.lib : BIOS.obj (.text:ti_sysbios_knl_Swi_run__I)
                  00003e70    00000114                 : BIOS.obj (.text:ti_sysbios_knl_Task_schedule__I)
                  00003f84    00000104                 : m3_Hwi_asm.obj (.text:ti_sysbios_family_arm_m3_Hwi_dispatch__I)
                  00004088    000000fc     rtsv7M3_T_le_eabi.lib : fd_mul_t2.obj (.text)
                  00004184    000000fc     ti.targets.arm.rtsarm.aem3 : Startup.oem3 (.text:xdc_runtime_Startup_startMods__I)
                  00004280    000000f8     rtsv7M3_T_le_eabi.lib : fputs.obj (.text)
                  00004378    000000f8     sysbios.lib : BIOS.obj (.text:ti_sysbios_knl_Task_postInit__I)
                  00004470    000000f8                 : BIOS.obj (.text:ti_sysbios_knl_Task_startup__E)
                  00004568    000000ee     app_pem3.oem3 (.text:xdc_runtime_System_printfExtend__I)
                  00004656    00000002     --HOLE-- [fill = 0]
                  00004658    000000d4     sysbios.lib : BIOS.obj (.text:ti_sysbios_family_arm_lm3_Timer_enableTimers__I)
                  0000472c    000000d0                 : BIOS.obj (.text:ti_sysbios_family_arm_m3_Hwi_excUsageFault__I)
                  000047fc    000000cc     rtsv7M3_T_le_eabi.lib : dtor_list.obj (.text)
                  000048c8    000000cc     ti.targets.arm.rtsarm.aem3 : LoggerBuf.oem3 (.text:xdc_runtime_LoggerBuf_write4__F)
                  00004994    000000c8     driverlib-cm3.lib : gpio.obj (.text:GPIOPadConfigSet)
                  00004a5c    000000c0     sysbios.lib : BIOS.obj (.text:ti_sysbios_family_arm_lm3_Timer_startup__E)
                  00004b1c    000000c0                 : BIOS.obj (.text:ti_sysbios_heaps_HeapMem_Instance_init__F)
                  00004bdc    000000c0                 : BIOS.obj (.text:ti_sysbios_knl_Task_unblockI__E)
                  00004c9c    000000bc                 : BIOS.obj (.text:ti_sysbios_knl_Semaphore_post__E)
                  00004d58    000000b8                 : BIOS.obj (.text:ti_sysbios_family_arm_m3_Hwi_excBusFault__I)
                  00004e10    000000b4                 : BIOS.obj (.text:ti_sysbios_family_arm_m3_Hwi_excHardFault__I)
                  00004ec4    000000b4                 : BIOS.obj (.text:ti_sysbios_gates_GateMutex_enter__E)
                  00004f78    000000b0                 : BIOS.obj (.text:ti_sysbios_family_arm_m3_Hwi_excDebugMon__I)
                  00005028    000000b0                 : BIOS.obj (.text:ti_sysbios_knl_Swi_schedule__I)
                  000050d8    000000ac     main.obj (.text)
                  00005184    000000ac     rtsv7M3_T_le_eabi.lib : _io_perm.obj (.text)
                  00005230    000000ac     sysbios.lib : BIOS.obj (.text:ti_sysbios_knl_Clock_Instance_finalize__F)
                  000052dc    000000ac                 : BIOS.obj (.text:ti_sysbios_knl_Swi_post__E)
                  00005388    000000ac                 : BIOS.obj (.text:ti_sysbios_knl_Task_checkStacks__E)
                  00005434    000000a8                 : BIOS.obj (.text:ti_sysbios_knl_Semaphore_Instance_init__F)
                  000054dc    000000a4     rtsv7M3_T_le_eabi.lib : setvbuf.obj (.text)
                  00005580    000000a4     sysbios.lib : BIOS.obj (.text:ti_sysbios_family_arm_lm3_TimestampProvider_get64__E)
                  00005624    000000a4                 : BIOS.obj (.text:ti_sysbios_family_arm_m3_Hwi_excMemFault__I)
                  000056c8    000000a0     auto_init.aem3 : auto_init.oem3 (.text)
                  00005768    000000a0     rtsv7M3_T_le_eabi.lib : fflush.obj (.text)
                  00005808    000000a0     sysbios.lib : BIOS.obj (.text:ti_sysbios_knl_Task_blockI__E)
                  000058a8    0000009c     rtsv7M3_T_le_eabi.lib : memcpy_t2.obj (.text)
                  00005944    00000092     ti.targets.arm.rtsarm.aem3 : Text.oem3 (.text:xdc_runtime_Text_putSite__F)
                  000059d6    00000002     --HOLE-- [fill = 0]
                  000059d8    00000090     sysbios.lib : BIOS.obj (.text:ti_sysbios_knl_Mailbox_Module_startup__F)
                  00005a68    00000090     ti.targets.arm.rtsarm.aem3 : Text.oem3 (.text:xdc_runtime_Text_putMod__F)
                  00005af8    00000088     sysbios.lib : BIOS.obj (.text:ti_sysbios_family_arm_m3_Hwi_Instance_init__F)
                  00005b80    00000080     rtsv7M3_T_le_eabi.lib : fputc.obj (.text)
                  00005c00    00000080     sysbios.lib : BIOS.obj (.text:ti_sysbios_family_arm_lm3_Timer_Module_startup__F)
                  00005c80    00000080                 : BIOS.obj (.text:ti_sysbios_family_arm_lm3_Timer_start__E)
                  00005d00    00000080                 : BIOS.obj (.text:ti_sysbios_family_arm_m3_Hwi_reconfig__E)
                  00005d80    00000080                 : BIOS.obj (.text:ti_sysbios_knl_Task_Module_startup__F)
                  00005e00    00000080     ti.targets.arm.rtsarm.aem3 : LoggerBuf.oem3 (.text:xdc_runtime_LoggerBuf_setFilterLevel__F)
                  00005e80    0000007e     rtsv7M3_T_le_eabi.lib : fd_cmp_t2.obj (.text)
                  00005efe    0000007a                           : fs_mul_t2.obj (.text)
                  00005f78    00000078                           : memset_t2.obj (.text)
                  00005ff0    00000070     sysbios.lib : BIOS.obj (.text:rtsUnlock$0)
                  00006060    00000070                 : BIOS.obj (.text:ti_sysbios_knl_Clock_start__E)
                  000060d0    00000070     ti.targets.arm.rtsarm.aem3 : Memory.oem3 (.text:xdc_runtime_Memory_alloc__F)
                  00006140    0000006c                                : Error.oem3 (.text:xdc_runtime_Error_print__F)
                  000061ac    0000006c                                : LoggerBuf.oem3 (.text:xdc_runtime_LoggerBuf_getFilterLevel__F)
                  00006218    00000068     app_pem3.oem3 (.text:ti_sysbios_family_arm_m3_Hwi_Object__create__S)
                  00006280    00000068     app_pem3.oem3 (.text:ti_sysbios_hal_Hwi_Object__create__S)
                  000062e8    00000068     app_pem3.oem3 (.text:ti_sysbios_knl_Task_Object__create__S)
                  00006350    00000066     ti.targets.arm.rtsarm.aem3 : Core-mem.oem3 (.text:xdc_runtime_Core_deleteObject__I)
                  000063b6    00000002     --HOLE-- [fill = 0]
                  000063b8    00000060     led.obj (.text)
                  00006418    00000060     rtsv7M3_T_le_eabi.lib : fclose.obj (.text)
                  00006478    00000060                           : trgmsg.obj (.text)
                  000064d8    00000060     sysbios.lib : BIOS.obj (.text:ti_sysbios_knl_Clock_logTick__E)
                  00006538    00000060                 : BIOS.obj (.text:ti_sysbios_knl_Clock_startI__E)
                  00006598    00000060     app_pem3.oem3 (.text:xdc_runtime_LoggerBuf_Object__create__S)
                  000065f8    0000005e     rtsv7M3_T_le_eabi.lib : copy_decompress_rle.obj (.text)
                  00006656    00000002     --HOLE-- [fill = 0]
                  00006658    00000058     driverlib-cm3.lib : sysctl.obj (.text:SysCtlPeripheralDisable)
                  000066b0    00000058                       : sysctl.obj (.text:SysCtlPeripheralEnable)
                  00006708    00000058     rtsv7M3_T_le_eabi.lib : ltoa.obj (.text)
                  00006760    00000058     sysbios.lib : BIOS.obj (.text:ti_sysbios_knl_Swi_restoreHwi__E)
                  000067b8    00000057     ti.targets.arm.rtsarm.aem3 : Text.oem3 (.text:xdc_runtime_Text_putLab__F)
                  0000680f    00000001     --HOLE-- [fill = 0]
                  00006810    00000054     rtsv7M3_T_le_eabi.lib : printf.obj (.text)
                  00006864    00000050     ti.targets.arm.rtsarm.aem3 : Startup.oem3 (.text:xdc_runtime_Startup_exec__F)
                  000068b4    00000050                                : System.oem3 (.text:xdc_runtime_System_formatNum__I)
                  00006904    0000004c     sysbios.lib : m3_TaskSupport_asm.obj (.text:_ti_sysbios_family_arm_m3_TaskSupport_buildTaskStack)
                  00006950    0000004c     rtsv7M3_T_le_eabi.lib : atoi.obj (.text)
                  0000699c    0000004c                           : fseek.obj (.text)
                  000069e8    0000004c     sysbios.lib : BIOS.obj (.text:ti_sysbios_knl_Clock_getTicks__E)
                  00006a34    0000004c     ti.targets.arm.rtsarm.aem3 : Text.oem3 (.text:xdc_runtime_Text_visitRope2__I)
                  00006a80    00000048     rtsv7M3_T_le_eabi.lib : cpy_tbl.obj (.text)
                  00006ac8    00000048                           : fd_toi_t2.obj (.text)
                  00006b10    00000048     sysbios.lib : BIOS.obj (.text:ti_sysbios_family_arm_m3_Hwi_excReserved__I)
                  00006b58    00000048                 : BIOS.obj (.text:ti_sysbios_heaps_HeapMem_getStats__E)
                  00006ba0    00000048     ti.targets.arm.rtsarm.aem3 : Assert.oem3 (.text:xdc_runtime_Assert_raise__I)
                  00006be8    00000048                                : Core-params.oem3 (.text:xdc_runtime_Core_assignParams__I)
                  00006c30    00000046     rtsv7M3_T_le_eabi.lib : xdtest.obj (.text)
                  00006c76    00000002     --HOLE-- [fill = 0]
                  00006c78    00000044     boot.aem3 : boot.oem3 (.text)
                  00006cbc    00000044     rtsv7M3_T_le_eabi.lib : exit.obj (.text)
                  00006d00    00000044     sysbios.lib : BIOS.obj (.text:ti_sysbios_BIOS_errorRaiseHook__I)
                  00006d44    00000044     ti.targets.arm.rtsarm.aem3 : LoggerBuf.oem3 (.text:xdc_runtime_LoggerBuf_filterOutEvent__I)
                  00006d88    00000044                                : SysMin.oem3 (.text:xdc_runtime_SysMin_flush__F)
                  00006dcc    00000040     sysbios.lib : m3_Hwi_asm_switch.obj (.text:_ti_sysbios_family_xxx_Hwi_switchToIsrStack)
                  00006e0c    00000040                 : BIOS.obj (.text:ti_sysbios_knl_Swi_startup__E)
                  00006e4c    00000040     ti.targets.arm.rtsarm.aem3 : System.oem3 (.text:xdc_runtime_System_atexit__F)
                  00006e8c    0000003c     app_pem3.oem3 (.text:ti_sysbios_family_arm_m3_Hwi_disableInterrupt__E)
                  00006ec8    0000003c     app_pem3.oem3 (.text:ti_sysbios_family_arm_m3_Hwi_enableInterrupt__E)
                  00006f04    0000003c     sysbios.lib : BIOS.obj (.text:ti_sysbios_family_arm_m3_Hwi_excSvCall__I)
                  00006f40    0000003c                 : BIOS.obj (.text:ti_sysbios_heaps_HeapMem_init__I)
                  00006f7c    0000003c     app_pem3.oem3 (.text:ti_sysbios_knl_Clock_Object__create__S)
                  00006fb8    00000038     rtsv7M3_T_le_eabi.lib : fs_toi_t2.obj (.text)
                  00006ff0    00000038     sysbios.lib : BIOS.obj (.text:ti_sysbios_family_arm_m3_Hwi_excNoIsr__I)
                  00007028    00000038                 : BIOS.obj (.text:ti_sysbios_family_arm_m3_Hwi_initVTOR__I)
                  00007060    00000038                 : BIOS.obj (.text:ti_sysbios_family_arm_m3_TaskSupport_start__E)
                  00007098    00000038     app_pem3.oem3 (.text:ti_sysbios_knl_Semaphore_Object__create__S)
                  000070d0    00000038     sysbios.lib : BIOS.obj (.text:ti_sysbios_knl_Semaphore_pendTimeout__I)
                  00007108    00000038     ti.targets.arm.rtsarm.aem3 : LoggerBuf.oem3 (.text:xdc_runtime_LoggerBuf_Instance_init__F)
                  00007140    00000038                                : SysMin.oem3 (.text:xdc_runtime_SysMin_putch__F)
                  00007178    00000034     rtsv7M3_T_le_eabi.lib : fs_tou_t2.obj (.text)
                  000071ac    00000034     sysbios.lib : BIOS.obj (.text:ti_sysbios_family_arm_m3_Hwi_excNmi__I)
                  000071e0    00000034     app_pem3.oem3 (.text:ti_sysbios_gates_GateHwi_Object__create__S)
                  00007214    00000034     app_pem3.oem3 (.text:ti_sysbios_gates_GateMutex_Object__create__S)
                  00007248    00000034     app_pem3.oem3 (.text:ti_sysbios_heaps_HeapMem_Object__create__S)
                  0000727c    00000034     app_pem3.oem3 (.text:ti_sysbios_knl_Queue_Object__create__S)
                  000072b0    00000034     sysbios.lib : BIOS.obj (.text:ti_sysbios_knl_Task_restore__E)
                  000072e4    00000032                 : BIOS.obj (.text:ti_sysbios_hal_Hwi_Instance_init__F)
                  00007316    00000002     --HOLE-- [fill = 0]
                  00007318    00000031     ti.targets.arm.rtsarm.aem3 : Text.oem3 (.text:xdc_runtime_Text_printVisFxn__I)
                  00007349    00000001     --HOLE-- [fill = 0]
                  0000734a    00000030     rtsv7M3_T_le_eabi.lib : strncpy.obj (.text)
                  0000737a    00000002     --HOLE-- [fill = 0]
                  0000737c    00000030     app_pem3.oem3 (.text:ti_sysbios_BIOS_exitFunc__I)
                  000073ac    00000030     sysbios.lib : BIOS.obj (.text:ti_sysbios_family_arm_lm3_Timer_getExpiredCounts__E)
                  000073dc    00000030                 : BIOS.obj (.text:ti_sysbios_knl_Clock_Module_startup__F)
                  0000740c    00000030     ti.targets.arm.rtsarm.aem3 : Core-label.oem3 (.text:xdc_runtime_Core_assignLabel__I)
                  0000743c    00000030                                : SysMin.oem3 (.text:xdc_runtime_SysMin_abort__F)
                  0000746c    00000030                                : Text.oem3 (.text:xdc_runtime_Text_xprintf__I)
                  0000749c    0000002e     driverlib-cm3.lib : gpio.obj (.text:GPIODirModeSet)
                  000074ca    0000002e     app_pem3.oem3 (.text:malloc)
                  000074f8    0000002e     rtsv7M3_T_le_eabi.lib : i_tofd_t2.obj (.text)
                  00007526    00000002     --HOLE-- [fill = 0]
                  00007528    0000002c     sysbios.lib : BIOS.obj (.text:ti_sysbios_hal_Hwi_initStack:ti_sysbios_hal_Hwi_initStack)
                  00007554    0000002c     app_pem3.oem3 (.text:ti_sysbios_knl_Clock_doTick__I)
                  00007580    0000002c     sysbios.lib : BIOS.obj (.text:ti_sysbios_knl_Task_allBlockedFunction__I)
                  000075ac    0000002c     ti.targets.arm.rtsarm.aem3 : System.oem3 (.text:xdc_runtime_System_rtsExit__I)
                  000075d8    0000002c                                : Text.oem3 (.text:xdc_runtime_Text_cordText__F)
                  00007604    00000028     sysbios.lib : BIOS.obj (.text:ti_sysbios_gates_GateMutex_Instance_init__F)
                  0000762c    00000028     ti.targets.arm.rtsarm.aem3 : LoggerBuf.oem3 (.text:xdc_runtime_LoggerBuf_Module_startup__F)
                  00007654    00000024     rtsv7M3_T_le_eabi.lib : u_tofs_t2.obj (.text)
                  00007678    00000024     sysbios.lib : BIOS.obj (.text:ti_sysbios_BIOS_registerRTSLock__I)
                  0000769c    00000024     app_pem3.oem3 (.text:ti_sysbios_BIOS_startFunc__I)
                  000076c0    00000024     sysbios.lib : BIOS.obj (.text:ti_sysbios_family_arm_lm3_Timer_isrStub__E)
                  000076e4    00000024                 : BIOS.obj (.text:ti_sysbios_family_arm_m3_Hwi_Instance_finalize__F)
                  00007708    00000024                 : BIOS.obj (.text:ti_sysbios_family_arm_m3_Hwi_doTaskRestore__I)
                  0000772c    00000024     app_pem3.oem3 (.text:ti_sysbios_gates_GateMutex_Object__delete__S)
                  00007750    00000024     sysbios.lib : BIOS.obj (.text:ti_sysbios_knl_Swi_Module_startup__F)
                  00007774    00000022     app_pem3.oem3 (.text:xdc_runtime_SysMin_output__I)
                  00007796    00000002     --HOLE-- [fill = 0]
                  00007798    00000020     app_pem3.oem3 (.text:ti_sysbios_family_arm_m3_Hwi_Object__delete__S)
                  000077b8    00000020     app_pem3.oem3 (.text:ti_sysbios_gates_GateHwi_Object__delete__S)
                  000077d8    00000020     app_pem3.oem3 (.text:ti_sysbios_hal_Hwi_Object__delete__S)
                  000077f8    00000020     app_pem3.oem3 (.text:ti_sysbios_heaps_HeapMem_Object__delete__S)
                  00007818    00000020     app_pem3.oem3 (.text:ti_sysbios_knl_Clock_Object__destruct__S)
                  00007838    00000020     app_pem3.oem3 (.text:ti_sysbios_knl_Semaphore_Object__destruct__S)
                  00007858    00000020     sysbios.lib : BIOS.obj (.text:ti_sysbios_knl_Task_enter__I)
                  00007878    00000020     app_pem3.oem3 (.text:xdc_runtime_LoggerBuf_Object__delete__S)
                  00007898    00000020     ti.targets.arm.rtsarm.aem3 : LoggerBuf.oem3 (.text:xdc_runtime_LoggerBuf_reset__F)
                  000078b8    00000020                                : Registry.oem3 (.text:xdc_runtime_Registry_findById__F)
                  000078d8    00000020                                : SysMin.oem3 (.text:xdc_runtime_SysMin_Module_startup__F)
                  000078f8    00000020                                : System.oem3 (.text:xdc_runtime_System_avprintf__F)
                  00007918    00000020                                : System.oem3 (.text:xdc_runtime_System_putchar__I)
                  00007938    00000020                                : System.oem3 (.text:xdc_runtime_System_vprintf__F)
                  00007958    0000001c     app_pem3.oem3 (.text:free)
                  00007974    0000001c     sysbios.lib : BIOS.obj (.text:rtsLock$0)
                  00007990    0000001c     app_pem3.oem3 (.text:ti_sysbios_knl_Queue_Object__destruct__S)
                  000079ac    0000001c     ti.targets.arm.rtsarm.aem3 : Error.oem3 (.text:xdc_runtime_Error_check__F)
                  000079c8    0000001c                                : Memory.oem3 (.text:xdc_runtime_Memory_valloc__F)
                  000079e4    0000001c                                : SysMin.oem3 (.text:xdc_runtime_SysMin_exit__F)
                  00007a00    0000001a     rtsv7M3_T_le_eabi.lib : memccpy.obj (.text)
                  00007a1a    0000001a     app_pem3.oem3 (.text:ti_sysbios_gates_GateHwi_Handle__label__S)
                  00007a34    0000001a     app_pem3.oem3 (.text:ti_sysbios_gates_GateMutex_Handle__label__S)
                  00007a4e    0000001a     app_pem3.oem3 (.text:ti_sysbios_heaps_HeapMem_Handle__label__S)
                  00007a68    0000001a     app_pem3.oem3 (.text:xdc_runtime_LoggerBuf_Handle__label__S)
                  00007a82    0000001a     app_pem3.oem3 (.text:xdc_runtime_System_aprintf__E)
                  00007a9c    0000001a     app_pem3.oem3 (.text:xdc_runtime_System_printf__E)
                  00007ab6    00000002     --HOLE-- [fill = 0]
                  00007ab8    00000018     rtsv7M3_T_le_eabi.lib : _lock.obj (.text)
                  00007ad0    00000018                           : args_main.obj (.text)
                  00007ae8    00000018                           : ll_mul_t2.obj (.text)
                  00007b00    00000018                           : strcmp.obj (.text)
                  00007b18    00000018     app_pem3.oem3 (.text:ti_sysbios_family_arm_lm3_Timer_Module__startupDone__F)
                  00007b30    00000018     app_pem3.oem3 (.text:ti_sysbios_family_arm_m3_Hwi_Module__startupDone__F)
                  00007b48    00000018     sysbios.lib : BIOS.obj (.text:ti_sysbios_gates_GateMutex_leave__E)
                  00007b60    00000018     app_pem3.oem3 (.text:ti_sysbios_hal_Timer_Module__startupDone__F)
                  00007b78    00000018     ti.targets.arm.rtsarm.aem3 : Text.oem3 (.text:xdc_runtime_Text_ropeText__F)
                  00007b90    00000016     rtsv7M3_T_le_eabi.lib : memchr.obj (.text)
                  00007ba6    00000016                           : strchr.obj (.text)
                  00007bbc    00000014                           : strlen.obj (.text)
                  00007bd0    00000014     sysbios.lib : BIOS.obj (.text:ti_sysbios_family_arm_m3_Hwi_switchFromBootStack__E)
                  00007be4    00000014                 : BIOS.obj (.text:ti_sysbios_gates_GateHwi_enter__E)
                  00007bf8    00000014     app_pem3.oem3 (.text:ti_sysbios_heaps_HeapMem_Object__get__S)
                  00007c0c    00000014     app_pem3.oem3 (.text:ti_sysbios_knl_Swi_Object__get__S)
                  00007c20    00000014     app_pem3.oem3 (.text:ti_sysbios_knl_Task_Object__first__S)
                  00007c34    00000014     app_pem3.oem3 (.text:ti_sysbios_knl_Task_Object__next__S)
                  00007c48    00000014     ti.targets.arm.rtsarm.aem3 : LoggerBuf.oem3 (.text:xdc_runtime_LoggerBuf_Instance_finalize__F)
                  00007c5c    00000014     app_pem3.oem3 (.text:xdc_runtime_LoggerBuf_Object__get__S)
                  00007c70    00000014     ti.targets.arm.rtsarm.aem3 : LoggerBuf.oem3 (.text:xdc_runtime_LoggerBuf_write2__F)
                  00007c84    00000014                                : System.oem3 (.text:xdc_runtime_System_abort__F)
                  00007c98    00000012     driverlib-cm3.lib : gpio.obj (.text:GPIOPinTypeGPIOOutput)
                  00007caa    00000012     rtsv7M3_T_le_eabi.lib : copy_zero_init.obj (.text:decompress:ZI)
                  00007cbc    00000012                           : strcpy.obj (.text)
                  00007cce    00000012     sysbios.lib : BIOS.obj (.text:ti_sysbios_hal_Hwi_Module_startup__F)
                  00007ce0    00000012                 : BIOS.obj (.text:ti_sysbios_hal_Timer_Module_startup__F)
                  00007cf2    00000012     ti.targets.arm.rtsarm.aem3 : LoggerBuf.oem3 (.text:xdc_runtime_LoggerBuf_write1__F)
                  00007d04    00000012     app_pem3.oem3 (.text:xdc_runtime_Startup_exec__I)
                  00007d16    00000010     sysbios.lib : m3_TaskSupport_asm.obj (.text:_ti_sysbios_family_arm_m3_TaskSupport_glue)
                  00007d26    00000010                 : m3_TaskSupport_asm.obj (.text:_ti_sysbios_family_arm_m3_TaskSupport_swap__E)
                  00007d36    00000002     --HOLE-- [fill = 0]
                  00007d38    00000010                 : BIOS.obj (.text:ti_sysbios_BIOS_setThreadType__E)
                  00007d48    00000010                 : BIOS.obj (.text:ti_sysbios_BIOS_start__E)
                  00007d58    00000010                 : BIOS.obj (.text:ti_sysbios_family_arm_lm3_TimestampProvider_rolloverFunc__E)
                  00007d68    00000010                 : BIOS.obj (.text:ti_sysbios_family_arm_m3_Hwi_excHandler__I)
                  00007d78    00000010                 : BIOS.obj (.text:ti_sysbios_gates_GateMutex_Instance_finalize__F)
                  00007d88    00000010     app_pem3.oem3 (.text:ti_sysbios_hal_Hwi_HwiProxy_Object__create__S)
                  00007d98    00000010     app_pem3.oem3 (.text:ti_sysbios_knl_Mailbox_Object__get__S)
                  00007da8    00000010     sysbios.lib : BIOS.obj (.text:ti_sysbios_knl_Semaphore_Instance_finalize__F)
                  00007db8    00000010                 : BIOS.obj (.text:ti_sysbios_knl_Swi_disable__E)
                  00007dc8    00000010     app_pem3.oem3 (.text:ti_sysbios_knl_Task_Object__get__S)
                  00007dd8    00000010     sysbios.lib : BIOS.obj (.text:ti_sysbios_knl_Task_disable__E)
                  00007de8    00000010     ti.targets.arm.rtsarm.aem3 : Gate.oem3 (.text:xdc_runtime_Gate_leaveSystem__F)
                  00007df8    00000010                                : LoggerBuf.oem3 (.text:xdc_runtime_LoggerBuf_write0__F)
                  00007e08    00000010                                : Memory.oem3 (.text:xdc_runtime_Memory_free__F)
                  00007e18    00000010                                : SysMin.oem3 (.text:xdc_runtime_SysMin_ready__F)
                  00007e28    00000010     app_pem3.oem3 (.text:xdc_runtime_Text_visitRope__I)
                  00007e38    0000000e     rtsv7M3_T_le_eabi.lib : copy_decompress_none.obj (.text:decompress:none)
                  00007e46    0000000e                           : xdclass.obj (.text)
                  00007e54    0000000e     sysbios.lib : BIOS.obj (.text:ti_sysbios_family_arm_m3_TaskSupport_checkStack__E)
                  00007e62    0000000e                 : BIOS.obj (.text:ti_sysbios_knl_Queue_empty__E)
                  00007e70    0000000e     ti.targets.arm.rtsarm.aem3 : System.oem3 (.text:xdc_runtime_System_vsprintf__F)
                  00007e7e    00000002     --HOLE-- [fill = 0]
                  00007e80    0000000c     app_pem3.oem3 (.text:.bootCodeSection:ti_catalog_arm_cortexm3_lm3init_Boot_init)
                  00007e8c    0000000c     sysbios.lib : BIOS.obj (.text:ti_sysbios_family_arm_lm3_TimestampProvider_startTimer__E)
                  00007e98    0000000c                 : BIOS.obj (.text:ti_sysbios_family_arm_m3_TaskSupport_getStackAlignment__E)
                  00007ea4    0000000c     app_pem3.oem3 (.text:ti_sysbios_hal_Hwi_Params__init__S)
                  00007eb0    0000000c     app_pem3.oem3 (.text:ti_sysbios_knl_Clock_Params__init__S)
                  00007ebc    0000000c     app_pem3.oem3 (.text:ti_sysbios_knl_Queue_Object__get__S)
                  00007ec8    0000000c     app_pem3.oem3 (.text:ti_sysbios_knl_Task_Params__init__S)
                  00007ed4    0000000c     ti.targets.arm.rtsarm.aem3 : Error.oem3 (.text:xdc_runtime_Error_init__F)
                  00007ee0    0000000c                                : Gate.oem3 (.text:xdc_runtime_Gate_enterSystem__F)
                  00007eec    0000000c                                : Memory.oem3 (.text:xdc_runtime_Memory_calloc__F)
                  00007ef8    0000000c                                : Memory.oem3 (.text:xdc_runtime_Memory_getMaxDefaultTypeAlign__F)
                  00007f04    0000000c                                : System.oem3 (.text:xdc_runtime_System_exit__F)
                  00007f10    0000000c                                : System.oem3 (.text:xdc_runtime_System_lastFxn__I)
                  00007f1c    0000000a     driverlib-cm3.lib : watchdog.obj (.text:WatchdogEnable)
                  00007f26    0000000a                       : watchdog.obj (.text:WatchdogResetEnable)
                  00007f30    0000000a     sysbios.lib : BIOS.obj (.text:ti_sysbios_hal_Hwi_Instance_finalize__F)
                  00007f3a    0000000a     app_pem3.oem3 (.text:xdc_runtime_IHeap_alloc)
                  00007f44    0000000a     app_pem3.oem3 (.text:xdc_runtime_IHeap_free)
                  00007f4e    0000000a     ti.targets.arm.rtsarm.aem3 : LoggerBuf.oem3 (.text:xdc_runtime_LoggerBuf_disable__F)
                  00007f58    0000000a                                : LoggerBuf.oem3 (.text:xdc_runtime_LoggerBuf_enable__F)
                  00007f62    00000008     sysbios.lib : BIOS.obj (.text:ti_sysbios_family_arm_m3_Hwi_startup__E)
                  00007f6a    00000006     Boot.aem3 : Boot.oem3 (.text)
                  00007f70    00000006     driverlib-cm3.lib : gpio.obj (.text:GPIOPinRead)
                  00007f76    00000006                       : gpio.obj (.text:GPIOPinWrite)
                  00007f7c    00000006                       : watchdog.obj (.text:WatchdogIntClear)
                  00007f82    00000006     ti.targets.arm.rtsarm.aem3 : xdc_noinit.oem3 (.text:__xdc__init)
                  00007f88    00000006     rtsv7M3_T_le_eabi.lib : copy_decompress_rle.obj (.text:decompress:rle24)
                  00007f8e    00000006     sysbios.lib : BIOS.obj (.text:ti_sysbios_family_arm_lm3_TimestampProvider_Module_startup__F)
                  00007f94    00000006                 : BIOS.obj (.text:ti_sysbios_family_arm_m3_Hwi_doSwiRestore__I)
                  00007f9a    00000006                 : BIOS.obj (.text:ti_sysbios_gates_GateHwi_leave__E)
                  00007fa0    00000006                 : BIOS.obj (.text:ti_sysbios_heaps_HeapMem_isBlocking__E)
                  00007fa6    00000006                 : BIOS.obj (.text:ti_sysbios_knl_Queue_Instance_init__F)
                  00007fac    00000006     ti.targets.arm.rtsarm.aem3 : System.oem3 (.text:xdc_runtime_System_Module_startup__F)
                  00007fb2    00000004     driverlib-cm3.lib : watchdog.obj (.text:WatchdogReloadSet)
                  00007fb6    00000004     app_pem3.oem3 (.text:ti_sysbios_BIOS_RtsGateProxy_enter__E)
                  00007fba    00000004     app_pem3.oem3 (.text:ti_sysbios_BIOS_RtsGateProxy_leave__E)
                  00007fbe    00000004     sysbios.lib : BIOS.obj (.text:ti_sysbios_family_arm_lm3_Timer_getPeriod__E)
                  00007fc2    00000004     app_pem3.oem3 (.text:ti_sysbios_family_arm_m3_TaskSupport_Module__startupDone__S)
                  00007fc6    00000004     sysbios.lib : BIOS.obj (.text:ti_sysbios_gates_GateHwi_query__F)
                  00007fca    00000004                 : BIOS.obj (.text:ti_sysbios_gates_GateMutex_query__F)
                  00007fce    00000004     app_pem3.oem3 (.text:ti_sysbios_hal_Hwi_HwiProxy_Module__startupDone__S)
                  00007fd2    00000004     app_pem3.oem3 (.text:ti_sysbios_hal_Hwi_HwiProxy_Object__delete__S)
                  00007fd6    00000004     app_pem3.oem3 (.text:ti_sysbios_hal_Timer_TimerProxy_Module__startupDone__S)
                  00007fda    00000004     app_pem3.oem3 (.text:ti_sysbios_hal_Timer_TimerProxy_getExpiredCounts__E)
                  00007fde    00000004     app_pem3.oem3 (.text:ti_sysbios_hal_Timer_TimerProxy_getPeriod__E)
                  00007fe2    00000004     app_pem3.oem3 (.text:ti_sysbios_hal_Timer_TimerProxy_setNextTick__E)
                  00007fe6    00000004     app_pem3.oem3 (.text:ti_sysbios_heaps_HeapMem_Module_GateProxy_enter__E)
                  00007fea    00000004     app_pem3.oem3 (.text:ti_sysbios_heaps_HeapMem_Module_GateProxy_leave__E)
                  00007fee    00000004     app_pem3.oem3 (.text:ti_sysbios_knl_Task_SupportProxy_Module__startupDone__S)
                  00007ff2    00000004     ti.targets.arm.rtsarm.aem3 : Error.oem3 (.text:xdc_runtime_Error_getSite__F)
                  00007ff6    00000004     app_pem3.oem3 (.text:xdc_runtime_LoggerBuf_Module_GateProxy_enter__E)
                  00007ffa    00000004     app_pem3.oem3 (.text:xdc_runtime_LoggerBuf_Module_GateProxy_leave__E)
                  00007ffe    00000004     app_pem3.oem3 (.text:xdc_runtime_Memory_HeapProxy_alloc__E)
                  00008002    00000004     app_pem3.oem3 (.text:xdc_runtime_Memory_HeapProxy_free__E)
                  00008006    00000004     app_pem3.oem3 (.text:xdc_runtime_Startup_reset__I)
                  0000800a    00000004     app_pem3.oem3 (.text:xdc_runtime_System_Module_GateProxy_enter__E)
                  0000800e    00000004     app_pem3.oem3 (.text:xdc_runtime_System_Module_GateProxy_leave__E)
                  00008012    00000004     ti.targets.arm.rtsarm.aem3 : System.oem3 (.text:xdc_runtime_System_aprintf_va__F)
                  00008016    00000004                                : System.oem3 (.text:xdc_runtime_System_printf_va__F)
                  0000801a    00000004     app_pem3.oem3 (.text:xdc_runtime_System_vsprintf__E)

.const     0    00008020    00001bb1     
                  00008020    00001249     app_pem3.oem3 (.const:xdc_runtime_Text_charTab__A)
                  00009269    00000003     --HOLE-- [fill = 0]
                  0000926c    00000101     rtsv7M3_T_le_eabi.lib : ctype.obj (.const:_ctypes_)
                  0000936d    00000003     --HOLE-- [fill = 0]
                  00009370    000000b8     app_pem3.oem3 (.const:xdc_runtime_Text_nodeTab__A)
                  00009428    0000006c     driverlib-cm3.lib : sysctl.obj (.const:g_pulXtals)
                  00009494    00000048     app_pem3.oem3 (.const:.string)
                  000094dc    00000040     driverlib-cm3.lib : sysctl.obj (.const)
                  0000951c    0000003c     app_pem3.oem3 (.const:xdc_runtime_LoggerBuf_Module__FXNS__C)
                  00009558    00000038     app_pem3.oem3 (.const:ti_sysbios_knl_Task_Object__PARAMS__C)
                  00009590    00000030     app_pem3.oem3 (.const:xdc_runtime_Startup_sfxnTab__A)
                  000095c0    0000002c     app_pem3.oem3 (.const:ti_sysbios_family_arm_m3_Hwi_Object__PARAMS__C)
                  000095ec    0000002c     app_pem3.oem3 (.const:ti_sysbios_hal_Hwi_Object__PARAMS__C)
                  00009618    00000028     app_pem3.oem3 (.const:ti_sysbios_heaps_HeapMem_Module__FXNS__C)
                  00009640    00000024     app_pem3.oem3 (.const:ti_sysbios_gates_GateHwi_Module__FXNS__C)
                  00009664    00000024     app_pem3.oem3 (.const:ti_sysbios_gates_GateMutex_Module__FXNS__C)
                  00009688    00000024     app_pem3.oem3 (.const:ti_sysbios_knl_Clock_Object__PARAMS__C)
                  000096ac    00000024     app_pem3.oem3 (.const:ti_sysbios_knl_Semaphore_Object__PARAMS__C)
                  000096d0    00000024     app_pem3.oem3 (.const:xdc_runtime_LoggerBuf_Object__PARAMS__C)
                  000096f4    00000020     app_pem3.oem3 (.const:ti_sysbios_family_arm_m3_Hwi_Object__DESC__C)
                  00009714    00000020     app_pem3.oem3 (.const:ti_sysbios_gates_GateHwi_Object__DESC__C)
                  00009734    00000020     app_pem3.oem3 (.const:ti_sysbios_gates_GateMutex_Object__DESC__C)
                  00009754    00000020     app_pem3.oem3 (.const:ti_sysbios_hal_Hwi_Object__DESC__C)
                  00009774    00000020     app_pem3.oem3 (.const:ti_sysbios_heaps_HeapMem_Object__DESC__C)
                  00009794    00000020     app_pem3.oem3 (.const:ti_sysbios_heaps_HeapMem_Object__PARAMS__C)
                  000097b4    00000020     app_pem3.oem3 (.const:ti_sysbios_knl_Clock_Object__DESC__C)
                  000097d4    00000020     app_pem3.oem3 (.const:ti_sysbios_knl_Queue_Object__DESC__C)
                  000097f4    00000020     app_pem3.oem3 (.const:ti_sysbios_knl_Semaphore_Object__DESC__C)
                  00009814    00000020     app_pem3.oem3 (.const:ti_sysbios_knl_Task_Object__DESC__C)
                  00009834    00000020     app_pem3.oem3 (.const:xdc_runtime_LoggerBuf_Object__DESC__C)
                  00009854    00000018     app_pem3.oem3 (.const:ti_sysbios_gates_GateHwi_Object__PARAMS__C)
                  0000986c    00000018     app_pem3.oem3 (.const:ti_sysbios_gates_GateMutex_Object__PARAMS__C)
                  00009884    00000018     app_pem3.oem3 (.const:ti_sysbios_knl_Queue_Object__PARAMS__C)
                  0000989c    00000018     app_pem3.oem3 (.const:ti_sysbios_knl_Task_hooks__A)
                  000098b4    00000018     app_pem3.oem3 (.const:xdc_runtime_Startup_sfxnRts__A)
                  000098cc    00000011     ti.targets.arm.rtsarm.aem3 : System.oem3 (.const)
                  000098dd    00000003     --HOLE-- [fill = 0]
                  000098e0    00000010     app_pem3.oem3 (.const:xdc_runtime_Startup_firstFxns__A)
                  000098f0    00000008     app_pem3.oem3 (.const:ti_sysbios_knl_Task_hooks__C)
                  000098f8    00000008     app_pem3.oem3 (.const:xdc_runtime_Startup_firstFxns__C)
                  00009900    00000008     app_pem3.oem3 (.const:xdc_runtime_Startup_lastFxns__A)
                  00009908    00000008     app_pem3.oem3 (.const:xdc_runtime_Startup_lastFxns__C)
                  00009910    00000004     app_pem3.oem3 (.const:ti_sysbios_BIOS_Module__diagsEnabled__C)
                  00009914    00000004     app_pem3.oem3 (.const:ti_sysbios_BIOS_Module__diagsIncluded__C)
                  00009918    00000004     app_pem3.oem3 (.const:ti_sysbios_BIOS_Module__diagsMask__C)
                  0000991c    00000004     app_pem3.oem3 (.const:ti_sysbios_BIOS_installedErrorHook__C)
                  00009920    00000004     app_pem3.oem3 (.const:ti_sysbios_family_arm_lm3_Timer_WRALLOW__C)
                  00009924    00000004     app_pem3.oem3 (.const:ti_sysbios_family_arm_lm3_Timer_numTimerDevices__C)
                  00009928    00000004     app_pem3.oem3 (.const:ti_sysbios_family_arm_lm3_Timer_startupNeeded__C)
                  0000992c    00000004     app_pem3.oem3 (.const:ti_sysbios_family_arm_m3_Hwi_E_NMI__C)
                  00009930    00000004     app_pem3.oem3 (.const:ti_sysbios_family_arm_m3_Hwi_E_alreadyDefined__C)
                  00009934    00000004     app_pem3.oem3 (.const:ti_sysbios_family_arm_m3_Hwi_E_busFault__C)
                  00009938    00000004     app_pem3.oem3 (.const:ti_sysbios_family_arm_m3_Hwi_E_debugMon__C)
                  0000993c    00000004     app_pem3.oem3 (.const:ti_sysbios_family_arm_m3_Hwi_E_hardFault__C)
                  00009940    00000004     app_pem3.oem3 (.const:ti_sysbios_family_arm_m3_Hwi_E_memFault__C)
                  00009944    00000004     app_pem3.oem3 (.const:ti_sysbios_family_arm_m3_Hwi_E_noIsr__C)
                  00009948    00000004     app_pem3.oem3 (.const:ti_sysbios_family_arm_m3_Hwi_E_reserved__C)
                  0000994c    00000004     app_pem3.oem3 (.const:ti_sysbios_family_arm_m3_Hwi_E_svCall__C)
                  00009950    00000004     app_pem3.oem3 (.const:ti_sysbios_family_arm_m3_Hwi_E_usageFault__C)
                  00009954    00000004     app_pem3.oem3 (.const:ti_sysbios_family_arm_m3_Hwi_LD_end__C)
                  00009958    00000004     app_pem3.oem3 (.const:ti_sysbios_family_arm_m3_Hwi_LM_begin__C)
                  0000995c    00000004     app_pem3.oem3 (.const:ti_sysbios_family_arm_m3_Hwi_Module__diagsEnabled__C)
                  00009960    00000004     app_pem3.oem3 (.const:ti_sysbios_family_arm_m3_Hwi_Module__diagsIncluded__C)
                  00009964    00000004     app_pem3.oem3 (.const:ti_sysbios_family_arm_m3_Hwi_Module__diagsMask__C)
                  00009968    00000004     app_pem3.oem3 (.const:ti_sysbios_family_arm_m3_Hwi_Module__loggerFxn1__C)
                  0000996c    00000004     app_pem3.oem3 (.const:ti_sysbios_family_arm_m3_Hwi_Module__loggerFxn8__C)
                  00009970    00000004     app_pem3.oem3 (.const:ti_sysbios_family_arm_m3_Hwi_Module__loggerObj__C)
                  00009974    00000004     app_pem3.oem3 (.const:ti_sysbios_family_arm_m3_Hwi_NUM_INTERRUPTS__C)
                  00009978    00000004     app_pem3.oem3 (.const:ti_sysbios_family_arm_m3_Hwi_ccr__C)
                  0000997c    00000004     app_pem3.oem3 (.const:ti_sysbios_family_arm_m3_Hwi_disablePriority__C)
                  00009980    00000004     app_pem3.oem3 (.const:ti_sysbios_family_arm_m3_Hwi_excHandlerFunc__C)
                  00009984    00000004     app_pem3.oem3 (.const:ti_sysbios_family_arm_m3_Hwi_excHookFunc__C)
                  00009988    00000004     app_pem3.oem3 (.const:ti_sysbios_family_arm_m3_Hwi_priGroup__C)
                  0000998c    00000004     app_pem3.oem3 (.const:ti_sysbios_family_arm_m3_TaskSupport_stackAlignment__C)
                  00009990    00000004     app_pem3.oem3 (.const:ti_sysbios_gates_GateMutex_A_badContext__C)
                  00009994    00000004     app_pem3.oem3 (.const:ti_sysbios_gates_GateMutex_Instance_State_sem__O)
                  00009998    00000004     app_pem3.oem3 (.const:ti_sysbios_gates_GateMutex_Module__diagsEnabled__C)
                  0000999c    00000004     app_pem3.oem3 (.const:ti_sysbios_gates_GateMutex_Module__diagsIncluded__C)
                  000099a0    00000004     app_pem3.oem3 (.const:ti_sysbios_gates_GateMutex_Module__diagsMask__C)
                  000099a4    00000004     app_pem3.oem3 (.const:ti_sysbios_heaps_HeapMem_A_align__C)
                  000099a8    00000004     app_pem3.oem3 (.const:ti_sysbios_heaps_HeapMem_A_heapSize__C)
                  000099ac    00000004     app_pem3.oem3 (.const:ti_sysbios_heaps_HeapMem_A_invalidFree__C)
                  000099b0    00000004     app_pem3.oem3 (.const:ti_sysbios_heaps_HeapMem_A_zeroBlock__C)
                  000099b4    00000004     app_pem3.oem3 (.const:ti_sysbios_heaps_HeapMem_E_memory__C)
                  000099b8    00000004     app_pem3.oem3 (.const:ti_sysbios_heaps_HeapMem_Module__diagsEnabled__C)
                  000099bc    00000004     app_pem3.oem3 (.const:ti_sysbios_heaps_HeapMem_Module__diagsIncluded__C)
                  000099c0    00000004     app_pem3.oem3 (.const:ti_sysbios_heaps_HeapMem_Module__diagsMask__C)
                  000099c4    00000004     app_pem3.oem3 (.const:ti_sysbios_heaps_HeapMem_Module__gateObj__C)
                  000099c8    00000004     app_pem3.oem3 (.const:ti_sysbios_heaps_HeapMem_Object__count__C)
                  000099cc    00000004     app_pem3.oem3 (.const:ti_sysbios_heaps_HeapMem_reqAlignMask__C)
                  000099d0    00000004     app_pem3.oem3 (.const:ti_sysbios_heaps_HeapMem_reqAlign__C)
                  000099d4    00000004     app_pem3.oem3 (.const:ti_sysbios_knl_Clock_A_badThreadType__C)
                  000099d8    00000004     app_pem3.oem3 (.const:ti_sysbios_knl_Clock_LM_begin__C)
                  000099dc    00000004     app_pem3.oem3 (.const:ti_sysbios_knl_Clock_LM_tick__C)
                  000099e0    00000004     app_pem3.oem3 (.const:ti_sysbios_knl_Clock_LW_delayed__C)
                  000099e4    00000004     app_pem3.oem3 (.const:ti_sysbios_knl_Clock_Module_State_clockQ__O)
                  000099e8    00000004     app_pem3.oem3 (.const:ti_sysbios_knl_Clock_Module__diagsEnabled__C)
                  000099ec    00000004     app_pem3.oem3 (.const:ti_sysbios_knl_Clock_Module__diagsIncluded__C)
                  000099f0    00000004     app_pem3.oem3 (.const:ti_sysbios_knl_Clock_Module__diagsMask__C)
                  000099f4    00000004     app_pem3.oem3 (.const:ti_sysbios_knl_Clock_Module__loggerFxn1__C)
                  000099f8    00000004     app_pem3.oem3 (.const:ti_sysbios_knl_Clock_Module__loggerFxn2__C)
                  000099fc    00000004     app_pem3.oem3 (.const:ti_sysbios_knl_Clock_Module__loggerObj__C)
                  00009a00    00000004     app_pem3.oem3 (.const:ti_sysbios_knl_Mailbox_Instance_State_freeQue__O)
                  00009a04    00000004     app_pem3.oem3 (.const:ti_sysbios_knl_Mailbox_Object__count__C)
                  00009a08    00000004     app_pem3.oem3 (.const:ti_sysbios_knl_Semaphore_A_badContext__C)
                  00009a0c    00000004     app_pem3.oem3 (.const:ti_sysbios_knl_Semaphore_A_noEvents__C)
                  00009a10    00000004     app_pem3.oem3 (.const:ti_sysbios_knl_Semaphore_Instance_State_pendQ__O)
                  00009a14    00000004     app_pem3.oem3 (.const:ti_sysbios_knl_Semaphore_LM_pend__C)
                  00009a18    00000004     app_pem3.oem3 (.const:ti_sysbios_knl_Semaphore_LM_post__C)
                  00009a1c    00000004     app_pem3.oem3 (.const:ti_sysbios_knl_Semaphore_Module__diagsEnabled__C)
                  00009a20    00000004     app_pem3.oem3 (.const:ti_sysbios_knl_Semaphore_Module__diagsIncluded__C)
                  00009a24    00000004     app_pem3.oem3 (.const:ti_sysbios_knl_Semaphore_Module__diagsMask__C)
                  00009a28    00000004     app_pem3.oem3 (.const:ti_sysbios_knl_Semaphore_Module__loggerFxn2__C)
                  00009a2c    00000004     app_pem3.oem3 (.const:ti_sysbios_knl_Semaphore_Module__loggerFxn4__C)
                  00009a30    00000004     app_pem3.oem3 (.const:ti_sysbios_knl_Semaphore_Module__loggerObj__C)
                  00009a34    00000004     app_pem3.oem3 (.const:ti_sysbios_knl_Swi_LD_end__C)
                  00009a38    00000004     app_pem3.oem3 (.const:ti_sysbios_knl_Swi_LM_begin__C)
                  00009a3c    00000004     app_pem3.oem3 (.const:ti_sysbios_knl_Swi_LM_post__C)
                  00009a40    00000004     app_pem3.oem3 (.const:ti_sysbios_knl_Swi_Module__diagsEnabled__C)
                  00009a44    00000004     app_pem3.oem3 (.const:ti_sysbios_knl_Swi_Module__diagsIncluded__C)
                  00009a48    00000004     app_pem3.oem3 (.const:ti_sysbios_knl_Swi_Module__diagsMask__C)
                  00009a4c    00000004     app_pem3.oem3 (.const:ti_sysbios_knl_Swi_Module__loggerFxn1__C)
                  00009a50    00000004     app_pem3.oem3 (.const:ti_sysbios_knl_Swi_Module__loggerFxn4__C)
                  00009a54    00000004     app_pem3.oem3 (.const:ti_sysbios_knl_Swi_Module__loggerObj__C)
                  00009a58    00000004     app_pem3.oem3 (.const:ti_sysbios_knl_Swi_Object__count__C)
                  00009a5c    00000004     app_pem3.oem3 (.const:ti_sysbios_knl_Task_A_badPriority__C)
                  00009a60    00000004     app_pem3.oem3 (.const:ti_sysbios_knl_Task_A_badTaskState__C)
                  00009a64    00000004     app_pem3.oem3 (.const:ti_sysbios_knl_Task_A_badThreadType__C)
                  00009a68    00000004     app_pem3.oem3 (.const:ti_sysbios_knl_Task_A_noPendElem__C)
                  00009a6c    00000004     app_pem3.oem3 (.const:ti_sysbios_knl_Task_E_spOutOfBounds__C)
                  00009a70    00000004     app_pem3.oem3 (.const:ti_sysbios_knl_Task_E_stackOverflow__C)
                  00009a74    00000004     app_pem3.oem3 (.const:ti_sysbios_knl_Task_LD_block__C)
                  00009a78    00000004     app_pem3.oem3 (.const:ti_sysbios_knl_Task_LD_exit__C)
                  00009a7c    00000004     app_pem3.oem3 (.const:ti_sysbios_knl_Task_LD_ready__C)
                  00009a80    00000004     app_pem3.oem3 (.const:ti_sysbios_knl_Task_LM_switch__C)
                  00009a84    00000004     app_pem3.oem3 (.const:ti_sysbios_knl_Task_Module_State_inactiveQ__O)
                  00009a88    00000004     app_pem3.oem3 (.const:ti_sysbios_knl_Task_Module_State_terminatedQ__O)
                  00009a8c    00000004     app_pem3.oem3 (.const:ti_sysbios_knl_Task_Module__diagsEnabled__C)
                  00009a90    00000004     app_pem3.oem3 (.const:ti_sysbios_knl_Task_Module__diagsIncluded__C)
                  00009a94    00000004     app_pem3.oem3 (.const:ti_sysbios_knl_Task_Module__diagsMask__C)
                  00009a98    00000004     app_pem3.oem3 (.const:ti_sysbios_knl_Task_Module__loggerFxn2__C)
                  00009a9c    00000004     app_pem3.oem3 (.const:ti_sysbios_knl_Task_Module__loggerFxn4__C)
                  00009aa0    00000004     app_pem3.oem3 (.const:ti_sysbios_knl_Task_Module__loggerObj__C)
                  00009aa4    00000004     app_pem3.oem3 (.const:ti_sysbios_knl_Task_Object__count__C)
                  00009aa8    00000004     app_pem3.oem3 (.const:ti_sysbios_knl_Task_Object__heap__C)
                  00009aac    00000004     app_pem3.oem3 (.const:ti_sysbios_knl_Task_allBlockedFunc__C)
                  00009ab0    00000004     app_pem3.oem3 (.const:ti_sysbios_knl_Task_defaultStackHeap__C)
                  00009ab4    00000004     app_pem3.oem3 (.const:ti_sysbios_knl_Task_defaultStackSize__C)
                  00009ab8    00000004     app_pem3.oem3 (.const:ti_sysbios_knl_Task_numConstructedTasks__C)
                  00009abc    00000004     app_pem3.oem3 (.const:ti_sysbios_knl_Task_numPriorities__C)
                  00009ac0    00000004     app_pem3.oem3 (.const:xdc_runtime_Assert_E_assertFailed__C)
                  00009ac4    00000004     app_pem3.oem3 (.const:xdc_runtime_Core_A_initializedParams__C)
                  00009ac8    00000004     app_pem3.oem3 (.const:xdc_runtime_Core_Module__diagsEnabled__C)
                  00009acc    00000004     app_pem3.oem3 (.const:xdc_runtime_Core_Module__diagsIncluded__C)
                  00009ad0    00000004     app_pem3.oem3 (.const:xdc_runtime_Core_Module__diagsMask__C)
                  00009ad4    00000004     app_pem3.oem3 (.const:xdc_runtime_Error_E_generic__C)
                  00009ad8    00000004     app_pem3.oem3 (.const:xdc_runtime_Error_E_memory__C)
                  00009adc    00000004     app_pem3.oem3 (.const:xdc_runtime_Error_Module__diagsEnabled__C)
                  00009ae0    00000004     app_pem3.oem3 (.const:xdc_runtime_Error_Module__diagsIncluded__C)
                  00009ae4    00000004     app_pem3.oem3 (.const:xdc_runtime_Error_Module__diagsMask__C)
                  00009ae8    00000004     app_pem3.oem3 (.const:xdc_runtime_Error_Module__loggerFxn8__C)
                  00009aec    00000004     app_pem3.oem3 (.const:xdc_runtime_Error_Module__loggerObj__C)
                  00009af0    00000004     app_pem3.oem3 (.const:xdc_runtime_Error_raiseHook__C)
                  00009af4    00000004     app_pem3.oem3 (.const:xdc_runtime_IFilterLogger_Interface__BASE__C)
                  00009af8    00000004     app_pem3.oem3 (.const:xdc_runtime_IGateProvider_Interface__BASE__C)
                  00009afc    00000004     app_pem3.oem3 (.const:xdc_runtime_IHeap_Interface__BASE__C)
                  00009b00    00000004     app_pem3.oem3 (.const:xdc_runtime_ILogger_Interface__BASE__C)
                  00009b04    00000004     app_pem3.oem3 (.const:xdc_runtime_IModule_Interface__BASE__C)
                  00009b08    00000004     app_pem3.oem3 (.const:xdc_runtime_Log_L_error__C)
                  00009b0c    00000004     app_pem3.oem3 (.const:xdc_runtime_LoggerBuf_E_badLevel__C)
                  00009b10    00000004     app_pem3.oem3 (.const:xdc_runtime_LoggerBuf_Module__gateObj__C)
                  00009b14    00000004     app_pem3.oem3 (.const:xdc_runtime_LoggerBuf_Object__count__C)
                  00009b18    00000004     app_pem3.oem3 (.const:xdc_runtime_LoggerBuf_statusLogger__C)
                  00009b1c    00000004     app_pem3.oem3 (.const:xdc_runtime_Memory_defaultHeapInstance__C)
                  00009b20    00000004     app_pem3.oem3 (.const:xdc_runtime_Startup_execImpl__C)
                  00009b24    00000004     app_pem3.oem3 (.const:xdc_runtime_Startup_maxPasses__C)
                  00009b28    00000004     app_pem3.oem3 (.const:xdc_runtime_Startup_sfxnRts__C)
                  00009b2c    00000004     app_pem3.oem3 (.const:xdc_runtime_Startup_sfxnTab__C)
                  00009b30    00000004     app_pem3.oem3 (.const:xdc_runtime_SysMin_bufSize__C)
                  00009b34    00000004     app_pem3.oem3 (.const:xdc_runtime_SysMin_outputFunc__C)
                  00009b38    00000004     app_pem3.oem3 (.const:xdc_runtime_System_Module__gateObj__C)
                  00009b3c    00000004     app_pem3.oem3 (.const:xdc_runtime_System_extendFxn__C)
                  00009b40    00000004     app_pem3.oem3 (.const:xdc_runtime_System_maxAtexitHandlers__C)
                  00009b44    00000004     app_pem3.oem3 (.const:xdc_runtime_Text_charTab__C)
                  00009b48    00000004     app_pem3.oem3 (.const:xdc_runtime_Text_nameEmpty__C)
                  00009b4c    00000004     app_pem3.oem3 (.const:xdc_runtime_Text_nameStatic__C)
                  00009b50    00000004     app_pem3.oem3 (.const:xdc_runtime_Text_nameUnknown__C)
                  00009b54    00000004     app_pem3.oem3 (.const:xdc_runtime_Text_nodeTab__C)
                  00009b58    00000004     app_pem3.oem3 (.const:xdc_runtime_Text_visitRopeFxn__C)
                  00009b5c    00000002     app_pem3.oem3 (.const:ti_sysbios_BIOS_Module__id__C)
                  00009b5e    00000002     --HOLE-- [fill = 0]
                  00009b60    00000002     app_pem3.oem3 (.const:ti_sysbios_family_arm_lm3_TimestampProvider_useClockTimer__C)
                  00009b62    00000002     --HOLE-- [fill = 0]
                  00009b64    00000002     app_pem3.oem3 (.const:ti_sysbios_family_arm_m3_Hwi_Module__id__C)
                  00009b66    00000002     --HOLE-- [fill = 0]
                  00009b68    00000002     app_pem3.oem3 (.const:ti_sysbios_family_arm_m3_Hwi_Module__loggerDefined__C)
                  00009b6a    00000002     --HOLE-- [fill = 0]
                  00009b6c    00000002     app_pem3.oem3 (.const:ti_sysbios_gates_GateMutex_Module__id__C)
                  00009b6e    00000002     --HOLE-- [fill = 0]
                  00009b70    00000002     app_pem3.oem3 (.const:ti_sysbios_heaps_HeapMem_Module__id__C)
                  00009b72    00000002     --HOLE-- [fill = 0]
                  00009b74    00000002     app_pem3.oem3 (.const:ti_sysbios_knl_Clock_Module__id__C)
                  00009b76    00000002     --HOLE-- [fill = 0]
                  00009b78    00000002     app_pem3.oem3 (.const:ti_sysbios_knl_Clock_Module__loggerDefined__C)
                  00009b7a    00000002     --HOLE-- [fill = 0]
                  00009b7c    00000002     app_pem3.oem3 (.const:ti_sysbios_knl_Semaphore_Module__id__C)
                  00009b7e    00000002     --HOLE-- [fill = 0]
                  00009b80    00000002     app_pem3.oem3 (.const:ti_sysbios_knl_Semaphore_Module__loggerDefined__C)
                  00009b82    00000002     --HOLE-- [fill = 0]
                  00009b84    00000002     app_pem3.oem3 (.const:ti_sysbios_knl_Swi_Module__id__C)
                  00009b86    00000002     --HOLE-- [fill = 0]
                  00009b88    00000002     app_pem3.oem3 (.const:ti_sysbios_knl_Swi_Module__loggerDefined__C)
                  00009b8a    00000002     --HOLE-- [fill = 0]
                  00009b8c    00000002     app_pem3.oem3 (.const:ti_sysbios_knl_Task_Module__id__C)
                  00009b8e    00000002     --HOLE-- [fill = 0]
                  00009b90    00000002     app_pem3.oem3 (.const:ti_sysbios_knl_Task_Module__loggerDefined__C)
                  00009b92    00000002     --HOLE-- [fill = 0]
                  00009b94    00000002     app_pem3.oem3 (.const:ti_sysbios_knl_Task_deleteTerminatedTasks__C)
                  00009b96    00000002     --HOLE-- [fill = 0]
                  00009b98    00000002     app_pem3.oem3 (.const:ti_sysbios_knl_Task_initStackFlag__C)
                  00009b9a    00000002     --HOLE-- [fill = 0]
                  00009b9c    00000002     app_pem3.oem3 (.const:xdc_runtime_Core_Module__id__C)
                  00009b9e    00000002     --HOLE-- [fill = 0]
                  00009ba0    00000002     app_pem3.oem3 (.const:xdc_runtime_Error_Module__loggerDefined__C)
                  00009ba2    00000002     --HOLE-- [fill = 0]
                  00009ba4    00000002     app_pem3.oem3 (.const:xdc_runtime_Error_maxDepth__C)
                  00009ba6    00000002     --HOLE-- [fill = 0]
                  00009ba8    00000002     app_pem3.oem3 (.const:xdc_runtime_LoggerBuf_Module__id__C)
                  00009baa    00000002     --HOLE-- [fill = 0]
                  00009bac    00000002     app_pem3.oem3 (.const:xdc_runtime_LoggerBuf_filterByLevel__C)
                  00009bae    00000002     --HOLE-- [fill = 0]
                  00009bb0    00000002     app_pem3.oem3 (.const:xdc_runtime_Memory_Module__id__C)
                  00009bb2    00000002     --HOLE-- [fill = 0]
                  00009bb4    00000002     app_pem3.oem3 (.const:xdc_runtime_SysMin_flushAtExit__C)
                  00009bb6    00000002     --HOLE-- [fill = 0]
                  00009bb8    00000002     app_pem3.oem3 (.const:xdc_runtime_Text_charCnt__C)
                  00009bba    00000002     --HOLE-- [fill = 0]
                  00009bbc    00000002     app_pem3.oem3 (.const:xdc_runtime_Text_isLoaded__C)
                  00009bbe    00000002     --HOLE-- [fill = 0]
                  00009bc0    00000002     app_pem3.oem3 (.const:xdc_runtime_Text_registryModsLastId__C)
                  00009bc2    00000002     --HOLE-- [fill = 0]
                  00009bc4    00000002     app_pem3.oem3 (.const:xdc_runtime_Text_unnamedModsLastId__C)
                  00009bc6    00000002     --HOLE-- [fill = 0]
                  00009bc8    00000001     app_pem3.oem3 (.const:ti_sysbios_knl_Clock_tickMode__C)
                  00009bc9    00000003     --HOLE-- [fill = 0]
                  00009bcc    00000001     app_pem3.oem3 (.const:ti_sysbios_knl_Clock_tickSource__C)
                  00009bcd    00000003     --HOLE-- [fill = 0]
                  00009bd0    00000001     app_pem3.oem3 (.const:xdc_runtime_Error_policy__C)

.cinit     0    00009bd8    00000400     
                  00009bd8    000003ca     (.cinit..data.load) [load image, compression = rle]
                  00009fa2    00000002     --HOLE-- [fill = 0]
                  00009fa4    0000000c     (__TI_handler_table)
                  00009fb0    00000008     (.cinit..bss.load) [load image, compression = zero_init]
                  00009fb8    00000008     (.cinit..vecs.load) [load image, compression = zero_init]
                  00009fc0    00000018     (__TI_cinit_table)

.vecs      0    20000000    00000140     UNINITIALIZED
                  20000000    00000140     app_pem3.oem3 (.vecs)

.stack     0    20000140    00002000     UNINITIALIZED
                  20000140    00002000     --HOLE--

.bss       0    20002140    0000169c     UNINITIALIZED
                  20002140    00001000     app_pem3.oem3 (.bss:ti_sysbios_heaps_HeapMem_Instance_State_0_buf__A)
                  20003140    00000200     app_pem3.oem3 (.bss:xdc_runtime_LoggerBuf_Instance_State_0_entryArr__A)
                  20003340    00000200     app_pem3.oem3 (.bss:xdc_runtime_SysMin_Module_State_0_outbuf__A)
                  20003540    00000120     rtsv7M3_T_le_eabi.lib : trgmsg.obj (.bss:__CIOBUF_)
                  20003660    000000c8                           : trgdrv.obj (.bss:result$1)
                  20003728    000000a0                           : defs.obj (.bss:_tmpnams)
                  200037c8    0000000c     watchdog.obj (.bss)
                  200037d4    00000008     rtsv7M3_T_le_eabi.lib : trgdrv.obj (.bss)

.data      0    200037e0    0000081c     
                  200037e0    00000168     app_pem3.oem3 (.data)
                  20003948    00000140     app_pem3.oem3 (.data:ti_sysbios_family_arm_m3_Hwi_Module_State_0_dispatchTable__A)
                  20003a88    000000f0     rtsv7M3_T_le_eabi.lib : defs.obj (.data:_ftable)
                  20003b78    00000080     app_pem3.oem3 (.data:ti_sysbios_knl_Swi_Module_State_0_readyQ__A)
                  20003bf8    00000080     app_pem3.oem3 (.data:ti_sysbios_knl_Task_Module_State_0_readyQ__A)
                  20003c78    00000078     rtsv7M3_T_le_eabi.lib : lowlev.obj (.data:_device)
                  20003cf0    00000070                           : xlvalues.obj (.data)
                  20003d60    00000060     app_pem3.oem3 (.data:ti_sysbios_family_arm_lm3_Timer_Object__table__V)
                  20003dc0    00000050     rtsv7M3_T_le_eabi.lib : lowlev.obj (.data:_stream)
                  20003e10    00000050     app_pem3.oem3 (.data:ti_sysbios_family_arm_m3_Hwi_Module_State_0_priorities__A)
                  20003e60    00000050     app_pem3.oem3 (.data:ti_sysbios_family_arm_m3_Hwi_Module__state__V)
                  20003eb0    00000038     app_pem3.oem3 (.data:ti_sysbios_gates_GateMutex_Object__table__V)
                  20003ee8    00000034     app_pem3.oem3 (.data:ti_sysbios_knl_Task_Module__state__V)
                  20003f1c    00000030     app_pem3.oem3 (.data:ti_sysbios_family_arm_m3_Hwi_Object__table__V)
                  20003f4c    00000030     app_pem3.oem3 (.data:ti_sysbios_knl_Swi_Object__table__V)
                  20003f7c    0000002c     app_pem3.oem3 (.data:ti_sysbios_knl_Clock_Module__state__V)
                  20003fa8    00000024     app_pem3.oem3 (.data:xdc_runtime_LoggerBuf_Object__table__V)
                  20003fcc    00000010     rtsv7M3_T_le_eabi.lib : defs.obj (.data)
                  20003fdc    00000008                           : _lock.obj (.data)
                  20003fe4    00000008                           : exit.obj (.data)
                  20003fec    00000004                           : dtor_list.obj (.data)
                  20003ff0    00000004                           : fopen.obj (.data)
                  20003ff4    00000004                           : lowlev.obj (.data)
                  20003ff8    00000004                           : stkdepth_vars.obj (.data)


LINKER GENERATED COPY TABLES

__TI_cinit_table @ 00009fc0 records: 3, size/record: 8, table size: 24
	.data: load addr=00009bd8, load size=000003ca bytes, run addr=200037e0, run size=0000081c bytes, compression=rle
	.bss: load addr=00009fb0, load size=00000008 bytes, run addr=20002140, run size=0000169c bytes, compression=zero_init
	.vecs: load addr=00009fb8, load size=00000008 bytes, run addr=20000000, run size=00000140 bytes, compression=zero_init


LINKER GENERATED HANDLER TABLE

__TI_handler_table @ 00009fa4 records: 3, size/record: 4, table size: 12
	index: 0, handler: __TI_zero_init
	index: 1, handler: __TI_decompress_rle24
	index: 2, handler: __TI_decompress_none


GLOBAL SYMBOLS: SORTED ALPHABETICALLY BY Name 

address    name
--------   ----
00006cbd   C$$EXIT
000064a3   C$$IO$$
0000749d   GPIODirModeSet
00004995   GPIOPadConfigSet
00007f71   GPIOPinRead
00007c99   GPIOPinTypeGPIOOutput
00007f77   GPIOPinWrite
00001cd9   HOSTclock
00001c95   HOSTclose
00001c39   HOSTlseek
00001be9   HOSTopen
00001b9b   HOSTread
00001b3b   HOSTrename
00001aff   HOSTtime
00001ac5   HOSTunlink
00001a77   HOSTwrite
000063b9   LED_Init
000063cb   LED_SetDisplay
000063f1   LED_Toggle
00007899   LoggerBuf_instanceStartup
UNDEFED    SHT$$INIT_ARRAY$$Base
UNDEFED    SHT$$INIT_ARRAY$$Limit
000027a9   SysCtlClockGet
00006659   SysCtlPeripheralDisable
000066b1   SysCtlPeripheralEnable
00007f1d   WatchdogEnable
00007f7d   WatchdogIntClear
00007fb3   WatchdogReloadSet
00007f27   WatchdogResetEnable
00003ca5   Watchdog_Init
00003d31   Watchdog_Kill
00003d25   Watchdog_Run
00003c8d   Watchdog_TimeoutReachedISR
00007e47   _Dclass
00006c31   _Dtest
20003cf0   _LDenorm
20003d00   _LEps
20003d10   _LInf
20003d20   _LNan
20003d40   _LRteps
20003d30   _LSnan
20003d50   _LXbig
20003d58   _LZero
0000511f   _Z5myFxnv
00005117   _Z5myIsrv
00000000   __ASM__
20003540   __CIOBUF_
0000004f   __ISA__
00000061   __PLAT__
20002140   __STACK_END
00002000   __STACK_SIZE
20000240   __STACK_TOP
00000087   __TARG__
00009fc0   __TI_CINIT_Base
00009fd8   __TI_CINIT_Limit
00009fa4   __TI_Handler_Table_Base
00009fb0   __TI_Handler_Table_Limit
00000001   __TI_args_main
000056c9   __TI_auto_init
00007e39   __TI_decompress_none
00007f89   __TI_decompress_rle24
00009bd8   __TI_static_base__
00007cab   __TI_zero_init
000000ac   __TRDR__
00004853   __aeabi_atexit
00005e81   __aeabi_cdcmpeq
00005e81   __aeabi_cdcmple
00006ac9   __aeabi_d2iz
00002d2b   __aeabi_dadd
000032f9   __aeabi_ddiv
00004089   __aeabi_dmul
00002d21   __aeabi_dsub
00006fb9   __aeabi_f2iz
00007179   __aeabi_f2uiz
00005eff   __aeabi_fmul
000074f9   __aeabi_i2d
00007ae9   __aeabi_lmul
00005f79   __aeabi_memclr
00005f79   __aeabi_memclr4
00005f79   __aeabi_memclr8
000058a9   __aeabi_memcpy
000058a9   __aeabi_memcpy4
000058a9   __aeabi_memcpy8
00005f7b   __aeabi_memset
00005f7b   __aeabi_memset4
00005f7b   __aeabi_memset8
20003fd8   __aeabi_stderr
20003fd0   __aeabi_stdin
20003fd4   __aeabi_stdout
00007655   __aeabi_ui2f
000023d9   __aeabi_uldivmod
ffffffff   __binit__
ffffffff   __c_args__
000047fd   __cxa_atexit
0000480f   __cxa_finalize
0000484d   __cxa_ia64_exit
20000140   __stack
00007f83   __xdc__init
20003944   __xdc__init__addr
00007ad1   _args_main
00000000   _argsize
00006c79   _c_int00
00002a49   _cleanup
20003fe4   _cleanup_ptr
0000926c   _ctypes_
00005769   _doflush
20003fe8   _dtors_ptr
20003fcc   _ft_end
20003a88   _ftable
20003fdc   _lock
00007ac5   _nop
00000e4f   _printfi
000051e7   _rd_ok
00007abf   _register_lock
00007ab9   _register_unlock
20003728   _tmpnams
20003fe0   _unlock
00005185   _wrt_ok
00006cc1   abort
0000169b   add_device
00004801   atexit
00006951   atoi
ffffffff   binit
0000164d   close
00006a81   copy_in
00006cc9   exit
00006419   fclose
000057b5   fflush
00001637   find_registered_device
00002b13   fopen
00005b81   fputc
00004281   fputs
00007959   free
00002a81   freopen
0000699d   fseek
00001a39   getenv
000015f7   lseek
00006709   ltoa
00005129   main
20003ff8   main_func_sp
000074cb   malloc
00007a01   memccpy
00007b91   memchr
000058a9   memcpy
00005f81   memset
0000156f   open
00006811   printf
00005bf3   putc
00005bf7   putchar
00004357   puts
000014f3   read
000064a7   readmsg
0000146b   remove
000014cb   remove_device
0000148f   rename
000054dd   setvbuf
00007ba7   strchr
00007b01   strcmp
00007cbd   strcpy
00007bbd   strlen
0000734b   strncpy
00003af7   ti_catalog_arm_cortexm3_lm3init_Boot_configureLdo
00007e81   ti_catalog_arm_cortexm3_lm3init_Boot_init
000039fd   ti_catalog_arm_cortexm3_lm3init_Boot_sysCtlClockSet
00007f6b   ti_catalog_arm_cortexm3_lm3init_Boot_sysCtlDelay
00009910   ti_sysbios_BIOS_Module__diagsEnabled__C
00009914   ti_sysbios_BIOS_Module__diagsIncluded__C
00009918   ti_sysbios_BIOS_Module__diagsMask__C
00009b5c   ti_sysbios_BIOS_Module__id__C
200037e0   ti_sysbios_BIOS_Module__state__V
00007fb7   ti_sysbios_BIOS_RtsGateProxy_enter__E
00007fbb   ti_sysbios_BIOS_RtsGateProxy_leave__E
00007fcb   ti_sysbios_BIOS_RtsGateProxy_query__E
00006d01   ti_sysbios_BIOS_errorRaiseHook__I
0000737d   ti_sysbios_BIOS_exitFunc__I
0000991c   ti_sysbios_BIOS_installedErrorHook__C
00007679   ti_sysbios_BIOS_registerRTSLock__I
00007d39   ti_sysbios_BIOS_setThreadType__E
0000769d   ti_sysbios_BIOS_startFunc__I
00007d49   ti_sysbios_BIOS_start__E
40000400   ti_sysbios_family_arm_ducati_CTM_ctm
20003804   ti_sysbios_family_arm_lm3_Timer_Module_State_0_device__A
20003824   ti_sysbios_family_arm_lm3_Timer_Module_State_0_handles__A
200037fc   ti_sysbios_family_arm_lm3_Timer_Module__root__V
00007b19   ti_sysbios_family_arm_lm3_Timer_Module__startupDone__F
00007b19   ti_sysbios_family_arm_lm3_Timer_Module__startupDone__S
20003834   ti_sysbios_family_arm_lm3_Timer_Module__state__V
00005c01   ti_sysbios_family_arm_lm3_Timer_Module_startup__E
00005c01   ti_sysbios_family_arm_lm3_Timer_Module_startup__F
20003d60   ti_sysbios_family_arm_lm3_Timer_Object__table__V
00009920   ti_sysbios_family_arm_lm3_Timer_WRALLOW__C
00004659   ti_sysbios_family_arm_lm3_Timer_enableTimers__I
000073ad   ti_sysbios_family_arm_lm3_Timer_getExpiredCounts__E
00007fbf   ti_sysbios_family_arm_lm3_Timer_getPeriod__E
000076c1   ti_sysbios_family_arm_lm3_Timer_isrStub__E
00009924   ti_sysbios_family_arm_lm3_Timer_numTimerDevices__C
00002ed7   ti_sysbios_family_arm_lm3_Timer_setNextTick__E
00005c81   ti_sysbios_family_arm_lm3_Timer_start__E
00009928   ti_sysbios_family_arm_lm3_Timer_startupNeeded__C
00004a5d   ti_sysbios_family_arm_lm3_Timer_startup__E
20003840   ti_sysbios_family_arm_lm3_TimestampProvider_Module__state__V
00007f8f   ti_sysbios_family_arm_lm3_TimestampProvider_Module_startup__E
00007f8f   ti_sysbios_family_arm_lm3_TimestampProvider_Module_startup__F
00005581   ti_sysbios_family_arm_lm3_TimestampProvider_get64__E
00007d59   ti_sysbios_family_arm_lm3_TimestampProvider_rolloverFunc__E
00007e8d   ti_sysbios_family_arm_lm3_TimestampProvider_startTimer__E
00009b60   ti_sysbios_family_arm_lm3_TimestampProvider_useClockTimer__C
0000992c   ti_sysbios_family_arm_m3_Hwi_E_NMI__C
00009930   ti_sysbios_family_arm_m3_Hwi_E_alreadyDefined__C
00009934   ti_sysbios_family_arm_m3_Hwi_E_busFault__C
00009938   ti_sysbios_family_arm_m3_Hwi_E_debugMon__C
0000993c   ti_sysbios_family_arm_m3_Hwi_E_hardFault__C
00009940   ti_sysbios_family_arm_m3_Hwi_E_memFault__C
00009944   ti_sysbios_family_arm_m3_Hwi_E_noIsr__C
00009948   ti_sysbios_family_arm_m3_Hwi_E_reserved__C
0000994c   ti_sysbios_family_arm_m3_Hwi_E_svCall__C
00009950   ti_sysbios_family_arm_m3_Hwi_E_usageFault__C
000076e5   ti_sysbios_family_arm_m3_Hwi_Instance_finalize__F
00005af9   ti_sysbios_family_arm_m3_Hwi_Instance_init__F
00009954   ti_sysbios_family_arm_m3_Hwi_LD_end__C
00009958   ti_sysbios_family_arm_m3_Hwi_LM_begin__C
20003948   ti_sysbios_family_arm_m3_Hwi_Module_State_0_dispatchTable__A
20003e10   ti_sysbios_family_arm_m3_Hwi_Module_State_0_priorities__A
0000995c   ti_sysbios_family_arm_m3_Hwi_Module__diagsEnabled__C
00009960   ti_sysbios_family_arm_m3_Hwi_Module__diagsIncluded__C
00009964   ti_sysbios_family_arm_m3_Hwi_Module__diagsMask__C
00009b64   ti_sysbios_family_arm_m3_Hwi_Module__id__C
00009b68   ti_sysbios_family_arm_m3_Hwi_Module__loggerDefined__C
00009968   ti_sysbios_family_arm_m3_Hwi_Module__loggerFxn1__C
0000996c   ti_sysbios_family_arm_m3_Hwi_Module__loggerFxn8__C
00009970   ti_sysbios_family_arm_m3_Hwi_Module__loggerObj__C
20003848   ti_sysbios_family_arm_m3_Hwi_Module__root__V
00007b31   ti_sysbios_family_arm_m3_Hwi_Module__startupDone__F
00007b31   ti_sysbios_family_arm_m3_Hwi_Module__startupDone__S
20003e60   ti_sysbios_family_arm_m3_Hwi_Module__state__V
00003b1d   ti_sysbios_family_arm_m3_Hwi_Module_startup__E
00003b1d   ti_sysbios_family_arm_m3_Hwi_Module_startup__F
00009974   ti_sysbios_family_arm_m3_Hwi_NUM_INTERRUPTS__C
000096f4   ti_sysbios_family_arm_m3_Hwi_Object__DESC__C
000095c0   ti_sysbios_family_arm_m3_Hwi_Object__PARAMS__C
00006219   ti_sysbios_family_arm_m3_Hwi_Object__create__S
00007799   ti_sysbios_family_arm_m3_Hwi_Object__delete__S
20003f1c   ti_sysbios_family_arm_m3_Hwi_Object__table__V
00009978   ti_sysbios_family_arm_m3_Hwi_ccr__C
00006e8d   ti_sysbios_family_arm_m3_Hwi_disableInterrupt__E
0000997c   ti_sysbios_family_arm_m3_Hwi_disablePriority__C
0000355d   ti_sysbios_family_arm_m3_Hwi_dispatchC__I
00003f85   ti_sysbios_family_arm_m3_Hwi_dispatch__I
00007f95   ti_sysbios_family_arm_m3_Hwi_doSwiRestore__I
00007709   ti_sysbios_family_arm_m3_Hwi_doTaskRestore__I
00006ec9   ti_sysbios_family_arm_m3_Hwi_enableInterrupt__E
00004d59   ti_sysbios_family_arm_m3_Hwi_excBusFault__I
00004f79   ti_sysbios_family_arm_m3_Hwi_excDebugMon__I
00000fe5   ti_sysbios_family_arm_m3_Hwi_excDumpRegs__I
00004069   ti_sysbios_family_arm_m3_Hwi_excHandlerAsm__I
00009980   ti_sysbios_family_arm_m3_Hwi_excHandlerFunc__C
00002ed9   ti_sysbios_family_arm_m3_Hwi_excHandlerMax__I
00007d69   ti_sysbios_family_arm_m3_Hwi_excHandler__I
00004e11   ti_sysbios_family_arm_m3_Hwi_excHardFault__I
00009984   ti_sysbios_family_arm_m3_Hwi_excHookFunc__C
00005625   ti_sysbios_family_arm_m3_Hwi_excMemFault__I
000071ad   ti_sysbios_family_arm_m3_Hwi_excNmi__I
00006ff1   ti_sysbios_family_arm_m3_Hwi_excNoIsr__I
00006b11   ti_sysbios_family_arm_m3_Hwi_excReserved__I
00006f05   ti_sysbios_family_arm_m3_Hwi_excSvCall__I
0000472d   ti_sysbios_family_arm_m3_Hwi_excUsageFault__I
00006de9   ti_sysbios_family_arm_m3_Hwi_getTaskSP__E
00007029   ti_sysbios_family_arm_m3_Hwi_initVTOR__I
00006def   ti_sysbios_family_arm_m3_Hwi_init__I
e000e000   ti_sysbios_family_arm_m3_Hwi_nvic
00004037   ti_sysbios_family_arm_m3_Hwi_pendSV__I
00009988   ti_sysbios_family_arm_m3_Hwi_priGroup__C
20000000   ti_sysbios_family_arm_m3_Hwi_ramVectors
00005d01   ti_sysbios_family_arm_m3_Hwi_reconfig__E
00000000   ti_sysbios_family_arm_m3_Hwi_resetVectors
0000404f   ti_sysbios_family_arm_m3_Hwi_return
00007f63   ti_sysbios_family_arm_m3_Hwi_startup__E
00007bd1   ti_sysbios_family_arm_m3_Hwi_switchFromBootStack__E
00007fc3   ti_sysbios_family_arm_m3_TaskSupport_Module__startupDone__S
00006905   ti_sysbios_family_arm_m3_TaskSupport_buildTaskStack
00007e55   ti_sysbios_family_arm_m3_TaskSupport_checkStack__E
00007e99   ti_sysbios_family_arm_m3_TaskSupport_getStackAlignment__E
00007d17   ti_sysbios_family_arm_m3_TaskSupport_glue
0000998c   ti_sysbios_family_arm_m3_TaskSupport_stackAlignment__C
00007061   ti_sysbios_family_arm_m3_TaskSupport_start__E
00007d27   ti_sysbios_family_arm_m3_TaskSupport_swap__E
00006dcd   ti_sysbios_family_xxx_Hwi_switchToIsrStack
00006ddd   ti_sysbios_family_xxx_Hwi_switchToTaskStack
00007a1b   ti_sysbios_gates_GateHwi_Handle__label__S
0000342f   ti_sysbios_gates_GateHwi_Instance_init__F
00009640   ti_sysbios_gates_GateHwi_Module__FXNS__C
20003850   ti_sysbios_gates_GateHwi_Module__root__V
00009714   ti_sysbios_gates_GateHwi_Object__DESC__C
00009854   ti_sysbios_gates_GateHwi_Object__PARAMS__C
000071e1   ti_sysbios_gates_GateHwi_Object__create__S
000077b9   ti_sysbios_gates_GateHwi_Object__delete__S
20003858   ti_sysbios_gates_GateHwi_Object__table__V
00007be5   ti_sysbios_gates_GateHwi_enter__E
00007f9b   ti_sysbios_gates_GateHwi_leave__E
00007fc7   ti_sysbios_gates_GateHwi_query__E
00007fc7   ti_sysbios_gates_GateHwi_query__F
00009990   ti_sysbios_gates_GateMutex_A_badContext__C
00007a35   ti_sysbios_gates_GateMutex_Handle__label__S
00009994   ti_sysbios_gates_GateMutex_Instance_State_sem__O
00007d79   ti_sysbios_gates_GateMutex_Instance_finalize__F
00007605   ti_sysbios_gates_GateMutex_Instance_init__F
00009664   ti_sysbios_gates_GateMutex_Module__FXNS__C
00009998   ti_sysbios_gates_GateMutex_Module__diagsEnabled__C
0000999c   ti_sysbios_gates_GateMutex_Module__diagsIncluded__C
000099a0   ti_sysbios_gates_GateMutex_Module__diagsMask__C
00009b6c   ti_sysbios_gates_GateMutex_Module__id__C
2000385c   ti_sysbios_gates_GateMutex_Module__root__V
00009734   ti_sysbios_gates_GateMutex_Object__DESC__C
0000986c   ti_sysbios_gates_GateMutex_Object__PARAMS__C
00007215   ti_sysbios_gates_GateMutex_Object__create__S
0000772d   ti_sysbios_gates_GateMutex_Object__delete__S
20003eb0   ti_sysbios_gates_GateMutex_Object__table__V
00004ec5   ti_sysbios_gates_GateMutex_enter__E
00007b49   ti_sysbios_gates_GateMutex_leave__E
00007fcb   ti_sysbios_gates_GateMutex_query__E
00007fcb   ti_sysbios_gates_GateMutex_query__F
00007fcf   ti_sysbios_hal_Hwi_HwiProxy_Module__startupDone__S
00007d89   ti_sysbios_hal_Hwi_HwiProxy_Object__create__S
00007fd3   ti_sysbios_hal_Hwi_HwiProxy_Object__delete__S
00006e8d   ti_sysbios_hal_Hwi_HwiProxy_disableInterrupt__E
00006ec9   ti_sysbios_hal_Hwi_HwiProxy_enableInterrupt__E
00006de9   ti_sysbios_hal_Hwi_HwiProxy_getTaskSP__E
00007f63   ti_sysbios_hal_Hwi_HwiProxy_startup__E
00007bd1   ti_sysbios_hal_Hwi_HwiProxy_switchFromBootStack__E
00007f31   ti_sysbios_hal_Hwi_Instance_finalize__F
000072e5   ti_sysbios_hal_Hwi_Instance_init__F
20003864   ti_sysbios_hal_Hwi_Module__root__V
00007ccf   ti_sysbios_hal_Hwi_Module_startup__E
00007ccf   ti_sysbios_hal_Hwi_Module_startup__F
00009754   ti_sysbios_hal_Hwi_Object__DESC__C
000095ec   ti_sysbios_hal_Hwi_Object__PARAMS__C
00006281   ti_sysbios_hal_Hwi_Object__create__S
000077d9   ti_sysbios_hal_Hwi_Object__delete__S
00007ea5   ti_sysbios_hal_Hwi_Params__init__S
00006e8d   ti_sysbios_hal_Hwi_disableInterrupt__E
00006ec9   ti_sysbios_hal_Hwi_enableInterrupt__E
00006de9   ti_sysbios_hal_Hwi_getTaskSP__E
00007529   ti_sysbios_hal_Hwi_initStack
00007f63   ti_sysbios_hal_Hwi_startup__E
00007bd1   ti_sysbios_hal_Hwi_switchFromBootStack__E
2000386c   ti_sysbios_hal_Timer_Module__root__V
00007b61   ti_sysbios_hal_Timer_Module__startupDone__F
[...]
00007c71   xdc_runtime_LoggerBuf_write2__F
00007c85   xdc_runtime_System_abort__E
00007c85   xdc_runtime_System_abort__F
00007c99   GPIOPinTypeGPIOOutput
00007cab   __TI_zero_init
00007cbd   strcpy
00007ccf   ti_sysbios_hal_Hwi_Module_startup__E
00007ccf   ti_sysbios_hal_Hwi_Module_startup__F
00007ce1   ti_sysbios_hal_Timer_Module_startup__E
00007ce1   ti_sysbios_hal_Timer_Module_startup__F
00007cf3   xdc_runtime_LoggerBuf_write1__E
00007cf3   xdc_runtime_LoggerBuf_write1__F
00007d05   xdc_runtime_Startup_exec__I
00007d17   ti_sysbios_family_arm_m3_TaskSupport_glue
00007d27   ti_sysbios_family_arm_m3_TaskSupport_swap__E
00007d27   ti_sysbios_knl_Task_SupportProxy_swap__E
00007d2f   ti_sysbios_knl_Task_swapReturn
00007d39   ti_sysbios_BIOS_setThreadType__E
00007d49   ti_sysbios_BIOS_start__E
00007d59   ti_sysbios_family_arm_lm3_TimestampProvider_rolloverFunc__E
00007d69   ti_sysbios_family_arm_m3_Hwi_excHandler__I
00007d79   ti_sysbios_gates_GateMutex_Instance_finalize__F
00007d89   ti_sysbios_hal_Hwi_HwiProxy_Object__create__S
00007d99   ti_sysbios_knl_Mailbox_Object__get__S
00007da9   ti_sysbios_knl_Semaphore_Instance_finalize__F
00007db9   ti_sysbios_knl_Swi_disable__E
00007dc9   ti_sysbios_knl_Task_Object__get__S
00007dd9   ti_sysbios_knl_Task_disable__E
00007de9   xdc_runtime_Gate_leaveSystem__E
00007de9   xdc_runtime_Gate_leaveSystem__F
00007df9   xdc_runtime_LoggerBuf_write0__E
00007df9   xdc_runtime_LoggerBuf_write0__F
00007e09   xdc_runtime_Memory_free__E
00007e09   xdc_runtime_Memory_free__F
00007e19   xdc_runtime_SysMin_ready__E
00007e19   xdc_runtime_SysMin_ready__F
00007e19   xdc_runtime_System_SupportProxy_ready__E
00007e29   xdc_runtime_Text_visitRope__I
00007e39   __TI_decompress_none
00007e47   _Dclass
00007e55   ti_sysbios_family_arm_m3_TaskSupport_checkStack__E
00007e55   ti_sysbios_knl_Task_SupportProxy_checkStack__E
00007e63   ti_sysbios_knl_Queue_empty__E
00007e71   xdc_runtime_System_vsprintf__F
00007e81   ti_catalog_arm_cortexm3_lm3init_Boot_init
00007e8d   ti_sysbios_family_arm_lm3_TimestampProvider_startTimer__E
00007e99   ti_sysbios_family_arm_m3_TaskSupport_getStackAlignment__E
00007e99   ti_sysbios_knl_Task_SupportProxy_getStackAlignment__E
00007ea5   ti_sysbios_hal_Hwi_Params__init__S
00007eb1   ti_sysbios_knl_Clock_Params__init__S
00007ebd   ti_sysbios_knl_Queue_Object__get__S
00007ec9   ti_sysbios_knl_Task_Params__init__S
00007ed5   xdc_runtime_Error_init__E
00007ed5   xdc_runtime_Error_init__F
00007ee1   xdc_runtime_Gate_enterSystem__E
00007ee1   xdc_runtime_Gate_enterSystem__F
00007eed   xdc_runtime_Memory_calloc__E
00007eed   xdc_runtime_Memory_calloc__F
00007ef9   xdc_runtime_Memory_getMaxDefaultTypeAlign__E
00007ef9   xdc_runtime_Memory_getMaxDefaultTypeAlign__F
00007f05   xdc_runtime_System_exit__E
00007f05   xdc_runtime_System_exit__F
00007f11   xdc_runtime_System_lastFxn__I
00007f1d   WatchdogEnable
00007f27   WatchdogResetEnable
00007f31   ti_sysbios_hal_Hwi_Instance_finalize__F
00007f4f   xdc_runtime_LoggerBuf_disable__E
00007f4f   xdc_runtime_LoggerBuf_disable__F
00007f59   xdc_runtime_LoggerBuf_enable__E
00007f59   xdc_runtime_LoggerBuf_enable__F
00007f63   ti_sysbios_family_arm_m3_Hwi_startup__E
00007f63   ti_sysbios_hal_Hwi_HwiProxy_startup__E
00007f63   ti_sysbios_hal_Hwi_startup__E
00007f6b   ti_catalog_arm_cortexm3_lm3init_Boot_sysCtlDelay
00007f71   GPIOPinRead
00007f77   GPIOPinWrite
00007f7d   WatchdogIntClear
00007f83   __xdc__init
00007f89   __TI_decompress_rle24
00007f8f   ti_sysbios_family_arm_lm3_TimestampProvider_Module_startup__E
00007f8f   ti_sysbios_family_arm_lm3_TimestampProvider_Module_startup__F
00007f95   ti_sysbios_family_arm_m3_Hwi_doSwiRestore__I
00007f9b   ti_sysbios_gates_GateHwi_leave__E
00007fa1   ti_sysbios_heaps_HeapMem_isBlocking__E
00007fa7   ti_sysbios_knl_Queue_Instance_init__F
00007fad   xdc_runtime_System_Module_startup__E
00007fad   xdc_runtime_System_Module_startup__F
00007fb3   WatchdogReloadSet
00007fb7   ti_sysbios_BIOS_RtsGateProxy_enter__E
00007fbb   ti_sysbios_BIOS_RtsGateProxy_leave__E
00007fbf   ti_sysbios_family_arm_lm3_Timer_getPeriod__E
00007fc3   ti_sysbios_family_arm_m3_TaskSupport_Module__startupDone__S
00007fc7   ti_sysbios_gates_GateHwi_query__E
00007fc7   ti_sysbios_gates_GateHwi_query__F
00007fc7   xdc_runtime_LoggerBuf_Module_GateProxy_query__E
00007fc7   xdc_runtime_Main_Module_GateProxy_query__E
00007fc7   xdc_runtime_System_Module_GateProxy_query__E
00007fcb   ti_sysbios_BIOS_RtsGateProxy_query__E
00007fcb   ti_sysbios_gates_GateMutex_query__E
00007fcb   ti_sysbios_gates_GateMutex_query__F
00007fcb   ti_sysbios_heaps_HeapMem_Module_GateProxy_query__E
00007fcf   ti_sysbios_hal_Hwi_HwiProxy_Module__startupDone__S
00007fd3   ti_sysbios_hal_Hwi_HwiProxy_Object__delete__S
00007fd7   ti_sysbios_hal_Timer_TimerProxy_Module__startupDone__S
00007fdb   ti_sysbios_hal_Timer_TimerProxy_getExpiredCounts__E
00007fdf   ti_sysbios_hal_Timer_TimerProxy_getPeriod__E
00007fe3   ti_sysbios_hal_Timer_TimerProxy_setNextTick__E
00007fe7   ti_sysbios_heaps_HeapMem_Module_GateProxy_enter__E
00007feb   ti_sysbios_heaps_HeapMem_Module_GateProxy_leave__E
00007fef   ti_sysbios_knl_Task_SupportProxy_Module__startupDone__S
00007ff3   xdc_runtime_Error_getSite__E
00007ff3   xdc_runtime_Error_getSite__F
00007ff7   xdc_runtime_LoggerBuf_Module_GateProxy_enter__E
00007ffb   xdc_runtime_LoggerBuf_Module_GateProxy_leave__E
00007fff   xdc_runtime_Memory_HeapProxy_alloc__E
00008003   xdc_runtime_Memory_HeapProxy_free__E
00008007   xdc_runtime_Startup_reset__I
0000800b   xdc_runtime_System_Module_GateProxy_enter__E
0000800f   xdc_runtime_System_Module_GateProxy_leave__E
00008013   xdc_runtime_System_aprintf_va__F
00008017   xdc_runtime_System_printf_va__F
0000801b   xdc_runtime_System_vsprintf__E
00008020   xdc_runtime_Text_charTab__A
0000926c   _ctypes_
00009370   xdc_runtime_Text_nodeTab__A
0000951c   xdc_runtime_LoggerBuf_Module__FXNS__C
00009558   ti_sysbios_knl_Task_Object__PARAMS__C
00009590   xdc_runtime_Startup_sfxnTab__A
000095c0   ti_sysbios_family_arm_m3_Hwi_Object__PARAMS__C
000095ec   ti_sysbios_hal_Hwi_Object__PARAMS__C
00009618   ti_sysbios_heaps_HeapMem_Module__FXNS__C
00009640   ti_sysbios_gates_GateHwi_Module__FXNS__C
00009664   ti_sysbios_gates_GateMutex_Module__FXNS__C
00009688   ti_sysbios_knl_Clock_Object__PARAMS__C
000096ac   ti_sysbios_knl_Semaphore_Object__PARAMS__C
000096d0   xdc_runtime_LoggerBuf_Object__PARAMS__C
000096f4   ti_sysbios_family_arm_m3_Hwi_Object__DESC__C
00009714   ti_sysbios_gates_GateHwi_Object__DESC__C
00009734   ti_sysbios_gates_GateMutex_Object__DESC__C
00009754   ti_sysbios_hal_Hwi_Object__DESC__C
00009774   ti_sysbios_heaps_HeapMem_Object__DESC__C
00009794   ti_sysbios_heaps_HeapMem_Object__PARAMS__C
000097b4   ti_sysbios_knl_Clock_Object__DESC__C
000097d4   ti_sysbios_knl_Queue_Object__DESC__C
000097f4   ti_sysbios_knl_Semaphore_Object__DESC__C
00009814   ti_sysbios_knl_Task_Object__DESC__C
00009834   xdc_runtime_LoggerBuf_Object__DESC__C
00009854   ti_sysbios_gates_GateHwi_Object__PARAMS__C
0000986c   ti_sysbios_gates_GateMutex_Object__PARAMS__C
00009884   ti_sysbios_knl_Queue_Object__PARAMS__C
0000989c   ti_sysbios_knl_Task_hooks__A
000098b4   xdc_runtime_Startup_sfxnRts__A
000098e0   xdc_runtime_Startup_firstFxns__A
000098f0   ti_sysbios_knl_Task_hooks__C
000098f8   xdc_runtime_Startup_firstFxns__C
00009900   xdc_runtime_Startup_lastFxns__A
00009908   xdc_runtime_Startup_lastFxns__C
00009910   ti_sysbios_BIOS_Module__diagsEnabled__C
00009914   ti_sysbios_BIOS_Module__diagsIncluded__C
00009918   ti_sysbios_BIOS_Module__diagsMask__C
0000991c   ti_sysbios_BIOS_installedErrorHook__C
00009920   ti_sysbios_family_arm_lm3_Timer_WRALLOW__C
00009924   ti_sysbios_family_arm_lm3_Timer_numTimerDevices__C
00009928   ti_sysbios_family_arm_lm3_Timer_startupNeeded__C
0000992c   ti_sysbios_family_arm_m3_Hwi_E_NMI__C
00009930   ti_sysbios_family_arm_m3_Hwi_E_alreadyDefined__C
00009934   ti_sysbios_family_arm_m3_Hwi_E_busFault__C
00009938   ti_sysbios_family_arm_m3_Hwi_E_debugMon__C
0000993c   ti_sysbios_family_arm_m3_Hwi_E_hardFault__C
00009940   ti_sysbios_family_arm_m3_Hwi_E_memFault__C
00009944   ti_sysbios_family_arm_m3_Hwi_E_noIsr__C
00009948   ti_sysbios_family_arm_m3_Hwi_E_reserved__C
0000994c   ti_sysbios_family_arm_m3_Hwi_E_svCall__C
00009950   ti_sysbios_family_arm_m3_Hwi_E_usageFault__C
00009954   ti_sysbios_family_arm_m3_Hwi_LD_end__C
00009958   ti_sysbios_family_arm_m3_Hwi_LM_begin__C
0000995c   ti_sysbios_family_arm_m3_Hwi_Module__diagsEnabled__C
00009960   ti_sysbios_family_arm_m3_Hwi_Module__diagsIncluded__C
00009964   ti_sysbios_family_arm_m3_Hwi_Module__diagsMask__C
00009968   ti_sysbios_family_arm_m3_Hwi_Module__loggerFxn1__C
0000996c   ti_sysbios_family_arm_m3_Hwi_Module__loggerFxn8__C
00009970   ti_sysbios_family_arm_m3_Hwi_Module__loggerObj__C
00009974   ti_sysbios_family_arm_m3_Hwi_NUM_INTERRUPTS__C
00009978   ti_sysbios_family_arm_m3_Hwi_ccr__C
0000997c   ti_sysbios_family_arm_m3_Hwi_disablePriority__C
00009980   ti_sysbios_family_arm_m3_Hwi_excHandlerFunc__C
00009984   ti_sysbios_family_arm_m3_Hwi_excHookFunc__C
00009988   ti_sysbios_family_arm_m3_Hwi_priGroup__C
0000998c   ti_sysbios_family_arm_m3_TaskSupport_stackAlignment__C
00009990   ti_sysbios_gates_GateMutex_A_badContext__C
00009994   ti_sysbios_gates_GateMutex_Instance_State_sem__O
00009998   ti_sysbios_gates_GateMutex_Module__diagsEnabled__C
0000999c   ti_sysbios_gates_GateMutex_Module__diagsIncluded__C
000099a0   ti_sysbios_gates_GateMutex_Module__diagsMask__C
000099a4   ti_sysbios_heaps_HeapMem_A_align__C
000099a8   ti_sysbios_heaps_HeapMem_A_heapSize__C
000099ac   ti_sysbios_heaps_HeapMem_A_invalidFree__C
000099b0   ti_sysbios_heaps_HeapMem_A_zeroBlock__C
000099b4   ti_sysbios_heaps_HeapMem_E_memory__C
000099b8   ti_sysbios_heaps_HeapMem_Module__diagsEnabled__C
000099bc   ti_sysbios_heaps_HeapMem_Module__diagsIncluded__C
000099c0   ti_sysbios_heaps_HeapMem_Module__diagsMask__C
000099c4   ti_sysbios_heaps_HeapMem_Module__gateObj__C
000099c8   ti_sysbios_heaps_HeapMem_Object__count__C
000099cc   ti_sysbios_heaps_HeapMem_reqAlignMask__C
000099d0   ti_sysbios_heaps_HeapMem_reqAlign__C
000099d4   ti_sysbios_knl_Clock_A_badThreadType__C
000099d8   ti_sysbios_knl_Clock_LM_begin__C
000099dc   ti_sysbios_knl_Clock_LM_tick__C
000099e0   ti_sysbios_knl_Clock_LW_delayed__C
000099e4   ti_sysbios_knl_Clock_Module_State_clockQ__O
000099e8   ti_sysbios_knl_Clock_Module__diagsEnabled__C
000099ec   ti_sysbios_knl_Clock_Module__diagsIncluded__C
000099f0   ti_sysbios_knl_Clock_Module__diagsMask__C
000099f4   ti_sysbios_knl_Clock_Module__loggerFxn1__C
000099f8   ti_sysbios_knl_Clock_Module__loggerFxn2__C
000099fc   ti_sysbios_knl_Clock_Module__loggerObj__C
00009a00   ti_sysbios_knl_Mailbox_Instance_State_freeQue__O
00009a04   ti_sysbios_knl_Mailbox_Object__count__C
00009a08   ti_sysbios_knl_Semaphore_A_badContext__C
00009a0c   ti_sysbios_knl_Semaphore_A_noEvents__C
00009a10   ti_sysbios_knl_Semaphore_Instance_State_pendQ__O
00009a14   ti_sysbios_knl_Semaphore_LM_pend__C
00009a18   ti_sysbios_knl_Semaphore_LM_post__C
00009a1c   ti_sysbios_knl_Semaphore_Module__diagsEnabled__C
00009a20   ti_sysbios_knl_Semaphore_Module__diagsIncluded__C
00009a24   ti_sysbios_knl_Semaphore_Module__diagsMask__C
00009a28   ti_sysbios_knl_Semaphore_Module__loggerFxn2__C
00009a2c   ti_sysbios_knl_Semaphore_Module__loggerFxn4__C
00009a30   ti_sysbios_knl_Semaphore_Module__loggerObj__C
00009a34   ti_sysbios_knl_Swi_LD_end__C
00009a38   ti_sysbios_knl_Swi_LM_begin__C
00009a3c   ti_sysbios_knl_Swi_LM_post__C
00009a40   ti_sysbios_knl_Swi_Module__diagsEnabled__C
00009a44   ti_sysbios_knl_Swi_Module__diagsIncluded__C
00009a48   ti_sysbios_knl_Swi_Module__diagsMask__C
00009a4c   ti_sysbios_knl_Swi_Module__loggerFxn1__C
00009a50   ti_sysbios_knl_Swi_Module__loggerFxn4__C
00009a54   ti_sysbios_knl_Swi_Module__loggerObj__C
00009a58   ti_sysbios_knl_Swi_Object__count__C
00009a5c   ti_sysbios_knl_Task_A_badPriority__C
00009a60   ti_sysbios_knl_Task_A_badTaskState__C
00009a64   ti_sysbios_knl_Task_A_badThreadType__C
00009a68   ti_sysbios_knl_Task_A_noPendElem__C
00009a6c   ti_sysbios_knl_Task_E_spOutOfBounds__C
00009a70   ti_sysbios_knl_Task_E_stackOverflow__C
00009a74   ti_sysbios_knl_Task_LD_block__C
00009a78   ti_sysbios_knl_Task_LD_exit__C
00009a7c   ti_sysbios_knl_Task_LD_ready__C
00009a80   ti_sysbios_knl_Task_LM_switch__C
00009a84   ti_sysbios_knl_Task_Module_State_inactiveQ__O
00009a88   ti_sysbios_knl_Task_Module_State_terminatedQ__O
00009a8c   ti_sysbios_knl_Task_Module__diagsEnabled__C
00009a90   ti_sysbios_knl_Task_Module__diagsIncluded__C
00009a94   ti_sysbios_knl_Task_Module__diagsMask__C
00009a98   ti_sysbios_knl_Task_Module__loggerFxn2__C
00009a9c   ti_sysbios_knl_Task_Module__loggerFxn4__C
00009aa0   ti_sysbios_knl_Task_Module__loggerObj__C
00009aa4   ti_sysbios_knl_Task_Object__count__C
00009aa8   ti_sysbios_knl_Task_Object__heap__C
00009aac   ti_sysbios_knl_Task_allBlockedFunc__C
00009ab0   ti_sysbios_knl_Task_defaultStackHeap__C
00009ab4   ti_sysbios_knl_Task_defaultStackSize__C
00009ab8   ti_sysbios_knl_Task_numConstructedTasks__C
00009abc   ti_sysbios_knl_Task_numPriorities__C
00009ac0   xdc_runtime_Assert_E_assertFailed__C
00009ac4   xdc_runtime_Core_A_initializedParams__C
00009ac8   xdc_runtime_Core_Module__diagsEnabled__C
00009acc   xdc_runtime_Core_Module__diagsIncluded__C
00009ad0   xdc_runtime_Core_Module__diagsMask__C
00009ad4   xdc_runtime_Error_E_generic__C
00009ad8   xdc_runtime_Error_E_memory__C
00009adc   xdc_runtime_Error_Module__diagsEnabled__C
00009ae0   xdc_runtime_Error_Module__diagsIncluded__C
00009ae4   xdc_runtime_Error_Module__diagsMask__C
00009ae8   xdc_runtime_Error_Module__loggerFxn8__C
00009aec   xdc_runtime_Error_Module__loggerObj__C
00009af0   xdc_runtime_Error_raiseHook__C
00009af4   xdc_runtime_IFilterLogger_Interface__BASE__C
00009af8   xdc_runtime_IGateProvider_Interface__BASE__C
00009afc   xdc_runtime_IHeap_Interface__BASE__C
00009b00   xdc_runtime_ILogger_Interface__BASE__C
00009b04   xdc_runtime_IModule_Interface__BASE__C
00009b08   xdc_runtime_Log_L_error__C
00009b0c   xdc_runtime_LoggerBuf_E_badLevel__C
00009b10   xdc_runtime_LoggerBuf_Module__gateObj__C
00009b14   xdc_runtime_LoggerBuf_Object__count__C
00009b18   xdc_runtime_LoggerBuf_statusLogger__C
00009b1c   xdc_runtime_Memory_defaultHeapInstance__C
00009b20   xdc_runtime_Startup_execImpl__C
00009b24   xdc_runtime_Startup_maxPasses__C
00009b28   xdc_runtime_Startup_sfxnRts__C
00009b2c   xdc_runtime_Startup_sfxnTab__C
00009b30   xdc_runtime_SysMin_bufSize__C
00009b34   xdc_runtime_SysMin_outputFunc__C
00009b38   xdc_runtime_System_Module__gateObj__C
00009b3c   xdc_runtime_System_extendFxn__C
00009b40   xdc_runtime_System_maxAtexitHandlers__C
00009b44   xdc_runtime_Text_charTab__C
00009b48   xdc_runtime_Text_nameEmpty__C
00009b4c   xdc_runtime_Text_nameStatic__C
00009b50   xdc_runtime_Text_nameUnknown__C
00009b54   xdc_runtime_Text_nodeTab__C
00009b58   xdc_runtime_Text_visitRopeFxn__C
00009b5c   ti_sysbios_BIOS_Module__id__C
00009b60   ti_sysbios_family_arm_lm3_TimestampProvider_useClockTimer__C
00009b64   ti_sysbios_family_arm_m3_Hwi_Module__id__C
00009b68   ti_sysbios_family_arm_m3_Hwi_Module__loggerDefined__C
00009b6c   ti_sysbios_gates_GateMutex_Module__id__C
00009b70   ti_sysbios_heaps_HeapMem_Module__id__C
00009b74   ti_sysbios_knl_Clock_Module__id__C
00009b78   ti_sysbios_knl_Clock_Module__loggerDefined__C
00009b7c   ti_sysbios_knl_Semaphore_Module__id__C
00009b80   ti_sysbios_knl_Semaphore_Module__loggerDefined__C
00009b84   ti_sysbios_knl_Swi_Module__id__C
00009b88   ti_sysbios_knl_Swi_Module__loggerDefined__C
00009b8c   ti_sysbios_knl_Task_Module__id__C
00009b90   ti_sysbios_knl_Task_Module__loggerDefined__C
00009b94   ti_sysbios_knl_Task_deleteTerminatedTasks__C
00009b98   ti_sysbios_knl_Task_initStackFlag__C
00009b9c   xdc_runtime_Core_Module__id__C
00009ba0   xdc_runtime_Error_Module__loggerDefined__C
00009ba4   xdc_runtime_Error_maxDepth__C
00009ba8   xdc_runtime_LoggerBuf_Module__id__C
00009bac   xdc_runtime_LoggerBuf_filterByLevel__C
00009bb0   xdc_runtime_Memory_Module__id__C
00009bb4   xdc_runtime_SysMin_flushAtExit__C
00009bb8   xdc_runtime_Text_charCnt__C
00009bbc   xdc_runtime_Text_isLoaded__C
00009bc0   xdc_runtime_Text_registryModsLastId__C
00009bc4   xdc_runtime_Text_unnamedModsLastId__C
00009bc8   ti_sysbios_knl_Clock_tickMode__C
00009bcc   ti_sysbios_knl_Clock_tickSource__C
00009bd0   xdc_runtime_Error_policy__C
00009bd8   __TI_static_base__
00009fa4   __TI_Handler_Table_Base
00009fb0   __TI_Handler_Table_Limit
00009fc0   __TI_CINIT_Base
00009fd8   __TI_CINIT_Limit
20000000   ti_sysbios_family_arm_m3_Hwi_ramVectors
20000140   __stack
20000240   __STACK_TOP
20002140   __STACK_END
20002140   ti_sysbios_heaps_HeapMem_Instance_State_0_buf__A
20003140   xdc_runtime_LoggerBuf_Instance_State_0_entryArr__A
20003340   xdc_runtime_SysMin_Module_State_0_outbuf__A
20003540   __CIOBUF_
20003728   _tmpnams
200037e0   ti_sysbios_BIOS_Module__state__V
200037fc   ti_sysbios_family_arm_lm3_Timer_Module__root__V
20003804   ti_sysbios_family_arm_lm3_Timer_Module_State_0_device__A
20003824   ti_sysbios_family_arm_lm3_Timer_Module_State_0_handles__A
20003834   ti_sysbios_family_arm_lm3_Timer_Module__state__V
20003840   ti_sysbios_family_arm_lm3_TimestampProvider_Module__state__V
20003848   ti_sysbios_family_arm_m3_Hwi_Module__root__V
20003850   ti_sysbios_gates_GateHwi_Module__root__V
20003858   ti_sysbios_gates_GateHwi_Object__table__V
2000385c   ti_sysbios_gates_GateMutex_Module__root__V
20003864   ti_sysbios_hal_Hwi_Module__root__V
2000386c   ti_sysbios_hal_Timer_Module__root__V
20003874   ti_sysbios_hal_Timer_Object__table__V
2000387c   ti_sysbios_heaps_HeapMem_Module__root__V
20003884   ti_sysbios_heaps_HeapMem_Object__table__V
20003898   ti_sysbios_knl_Clock_Module__root__V
200038a0   ti_sysbios_knl_Event_Module__root__V
200038a8   ti_sysbios_knl_Mailbox_Module__root__V
200038b0   ti_sysbios_knl_Queue_Module__root__V
200038b8   ti_sysbios_knl_Semaphore_Module__root__V
200038c0   ti_sysbios_knl_Swi_Module__root__V
200038c8   ti_sysbios_knl_Swi_Module__state__V
200038e4   ti_sysbios_knl_Task_Module__root__V
200038ec   xdc_runtime_Error_Module__state__V
200038f0   xdc_runtime_LoggerBuf_Module__root__V
200038f8   xdc_runtime_LoggerBuf_Module__state__V
20003900   xdc_runtime_Memory_Module__state__V
20003904   xdc_runtime_Registry_Module__state__V
2000390c   xdc_runtime_Startup_Module__state__V
20003914   xdc_runtime_SysMin_Module__state__V
20003920   xdc_runtime_System_Module_State_0_atexitHandlers__A
20003930   xdc_runtime_System_Module__state__V
2000393c   xdc_runtime_Text_Module__state__V
20003944   __xdc__init__addr
20003948   ti_sysbios_family_arm_m3_Hwi_Module_State_0_dispatchTable__A
20003a88   _ftable
20003b78   ti_sysbios_knl_Swi_Module_State_0_readyQ__A
20003bf8   ti_sysbios_knl_Task_Module_State_0_readyQ__A
20003cf0   _LDenorm
20003d00   _LEps
20003d10   _LInf
20003d20   _LNan
20003d30   _LSnan
20003d40   _LRteps
20003d50   _LXbig
20003d58   _LZero
20003d60   ti_sysbios_family_arm_lm3_Timer_Object__table__V
20003e10   ti_sysbios_family_arm_m3_Hwi_Module_State_0_priorities__A
20003e60   ti_sysbios_family_arm_m3_Hwi_Module__state__V
20003eb0   ti_sysbios_gates_GateMutex_Object__table__V
20003ee8   ti_sysbios_knl_Task_Module__state__V
20003f1c   ti_sysbios_family_arm_m3_Hwi_Object__table__V
20003f4c   ti_sysbios_knl_Swi_Object__table__V
20003f7c   ti_sysbios_knl_Clock_Module__state__V
20003fa8   xdc_runtime_LoggerBuf_Object__table__V
20003fcc   _ft_end
20003fd0   __aeabi_stdin
20003fd4   __aeabi_stdout
20003fd8   __aeabi_stderr
20003fdc   _lock
20003fe0   _unlock
20003fe4   _cleanup_ptr
20003fe8   _dtors_ptr
20003ff8   main_func_sp
40000400   ti_sysbios_family_arm_ducati_CTM_ctm
e000e000   ti_sysbios_family_arm_m3_Hwi_nvic
ffffffff   __binit__
ffffffff   __c_args__
ffffffff   binit
UNDEFED    SHT$$INIT_ARRAY$$Base
UNDEFED    SHT$$INIT_ARRAY$$Limit

[757 symbols]
